BL51 BANKED LINKER/LOCATER V6.22.2.0                                                    02/28/2021  20:30:49  PAGE 1


BL51 BANKED LINKER/LOCATER V6.22.2.0, INVOKED BY:
C:\KEIL_V5\C51\BIN\BL51.EXE .\Output\GPIO.obj, .\Output\Common.obj, .\Output\Delay.obj, .\Output\Version.obj, .\Output\S
>> TARTUP.obj TO .\Output\GPIO PRINT (.\LST\GPIO.m51) RAMSIZE (256) DISABLEWARNING (16)


MEMORY MODEL: SMALL


INPUT MODULES INCLUDED:
  .\Output\GPIO.obj (GPIO)
  .\Output\Common.obj (COMMON)
  .\Output\Delay.obj (DELAY)
  .\Output\Version.obj (VERSION)
  .\Output\STARTUP.obj (?C_STARTUP)
  C:\KEIL_V5\C51\LIB\C51S.LIB (?C_INIT)
  C:\KEIL_V5\C51\LIB\C51S.LIB (?C?ULDIV)
  C:\KEIL_V5\C51\LIB\C51S.LIB (?C?ULCMP)
  C:\KEIL_V5\C51\LIB\C51S.LIB (?C?ULSHR)
  C:\KEIL_V5\C51\LIB\C51S.LIB (?C?LLDIDATA)
  C:\KEIL_V5\C51\LIB\C51S.LIB (?C?LLDIDATA0)
  C:\KEIL_V5\C51\LIB\C51S.LIB (?C?LSTIDATA)
  C:\KEIL_V5\C51\LIB\C51S.LIB (?C?LSTKIDATA)
  C:\KEIL_V5\C51\LIB\C51S.LIB (?C_IBP)
  C:\KEIL_V5\C51\LIB\C51S.LIB (PRINTF)
  C:\KEIL_V5\C51\LIB\C51S.LIB (?C?CLDPTR)
  C:\KEIL_V5\C51\LIB\C51S.LIB (?C?CLDOPTR)
  C:\KEIL_V5\C51\LIB\C51S.LIB (?C?CSTPTR)
  C:\KEIL_V5\C51\LIB\C51S.LIB (?C?PLDIIDATA)
  C:\KEIL_V5\C51\LIB\C51S.LIB (?C?CCASE)
  C:\KEIL_V5\C51\LIB\C51S.LIB (PUTCHAR)


LINK MAP OF MODULE:  .\Output\GPIO (GPIO)


            TYPE    BASE      LENGTH    RELOCATION   SEGMENT NAME
            -----------------------------------------------------

            * * * * * * *   D A T A   M E M O R Y   * * * * * * *
            REG     0000H     0008H     ABSOLUTE     "REG BANK 0"
            DATA    0008H     0014H     UNIT         ?DT?PRINTF?PRINTF
            DATA    001CH     0004H     UNIT         ?DT?_INITIALUART0_TIMER3_TYPE5?COMMON
            BIT     0020H.0   0001H.1   UNIT         ?BI?PRINTF?PRINTF
            BIT     0021H.1   0000H.1   UNIT         ?BI?GPIO
                    0021H.2   0000H.6                *** GAP ***
            DATA    0022H     0004H     UNIT         ?DT?_INITIALUART0_TIMER3_TYPE6?COMMON
            DATA    0026H     0004H     UNIT         ?DT?_INITIALUART1_TIMER3?COMMON
            DATA    002AH     0004H     UNIT         ?DT?_TIMER1_DELAY1MS?DELAY
            DATA    002EH     0004H     UNIT         ?DT?_TIMER2_DELAY1MS?DELAY
            DATA    0032H     0004H     UNIT         ?DT?_TIMER3_DELAY1MS?DELAY
            DATA    0036H     0004H     UNIT         ?DT?_WAKEUP_TIMER_DELAY25MS?DELAY
            DATA    003AH     0004H     UNIT         _DATA_GROUP_
            DATA    003EH     0001H     UNIT         ?DT?GPIO
            DATA    003FH     0001H     UNIT         ?C?LIB_DATA
            IDATA   0040H     0001H     UNIT         ?STACK

            * * * * * * *   C O D E   M E M O R Y   * * * * * * *
            CODE    0000H     0003H     ABSOLUTE     
BL51 BANKED LINKER/LOCATER V6.22.2.0                                                  02/28/2021  20:30:49  PAGE 2


            CODE    0003H     035CH     UNIT         ?PR?PRINTF?PRINTF
            CODE    035FH     01BEH     UNIT         ?C?LIB_CODE
            CODE    051DH     01A5H     UNIT         ?PR?_SYSTEM_CLOCK_SELECT?COMMON
            CODE    06C2H     0112H     UNIT         ?CO?VERSION
            CODE    07D4H     009AH     UNIT         ?C_C51STARTUP
            CODE    086EH     0073H     UNIT         ?PR?MAIN?GPIO
            CODE    08E1H     0065H     UNIT         ?PR?_INITIALUART0_TIMER3_TYPE5?COMMON
            CODE    0946H     0065H     UNIT         ?PR?_INITIALUART0_TIMER3_TYPE6?COMMON
            CODE    09ABH     0063H     UNIT         ?PR?_?RANDOM_DELAY?DELAY
            CODE    0A0EH     005FH     UNIT         ?PR?_INITIALUART1_TIMER3?COMMON
            CODE    0A6DH     0058H     UNIT         ?PR?SHOW_FW_VERSION_NUMBER_TO_PC?VERSION
            CODE    0AC5H     0056H     UNIT         ?PR?_WAKEUP_TIMER_DELAY25MS?DELAY
            CODE    0B1BH     0050H     UNIT         ?PR?_TIMER3_DELAY1MS?DELAY
            CODE    0B6BH     004EH     UNIT         ?PR?_TIMER2_DELAY1MS?DELAY
            CODE    0BB9H     004BH     UNIT         ?PR?_TIMER0_DELAY1MS?DELAY
            CODE    0C04H     004BH     UNIT         ?PR?_TIMER1_DELAY1MS?DELAY
            CODE    0C4FH     002AH     UNIT         ?PR?_INITIALUART0_TIMER1_TYPE2?COMMON
            CODE    0C79H     002AH     UNIT         ?PR?_INITIALUART0_TIMER1_TYPE3?COMMON
            CODE    0CA3H     002AH     UNIT         ?PR?_INITIALUART0_TIMER1_TYPE4?COMMON
            CODE    0CCDH     0028H     UNIT         ?PR?_INITIALUART0_TIMER1_TYPE1?COMMON
            CODE    0CF5H     0027H     UNIT         ?PR?PUTCHAR?PUTCHAR
            CODE    0D1CH     0021H     UNIT         ?PR?_DELAY10US?DELAY
            CODE    0D3DH     001DH     UNIT         ?PR?WATCHDOG_CONFIG?GPIO
            CODE    0D5AH     001AH     UNIT         ?PR?SW_RESET?COMMON
            CODE    0D74H     0012H     UNIT         ?PR?SET_ALL_GPIO_QUASI_MODE?COMMON
            CODE    0D86H     0008H     UNIT         ?PR?RECEIVE_DATA_FROM_UART0?COMMON
            CODE    0D8EH     0008H     UNIT         ?PR?_SEND_DATA_TO_UART0?COMMON
            CODE    0D96H     0008H     UNIT         ?PR?RECEIVE_DATA_FROM_UART1?COMMON
            CODE    0D9EH     0008H     UNIT         ?PR?_SEND_DATA_TO_UART1?COMMON
            CODE    0DA6H     0004H     UNIT         ?C_INITSEG
            CODE    0DAAH     0004H     UNIT         ?PR?FSYS_CLOCK_OUTPUT_ON_P26?COMMON



OVERLAY MAP OF MODULE:   .\Output\GPIO (GPIO)


SEGMENT                                            DATA_GROUP 
  +--> CALLED SEGMENT                            START    LENGTH
----------------------------------------------------------------
?C_C51STARTUP                                    -----    -----
  +--> ?PR?MAIN?GPIO
  +--> ?C_INITSEG

?PR?MAIN?GPIO                                    -----    -----
  +--> ?PR?_SYSTEM_CLOCK_SELECT?COMMON
  +--> ?PR?_TIMER0_DELAY1MS?DELAY
  +--> ?PR?WATCHDOG_CONFIG?GPIO

?PR?_TIMER0_DELAY1MS?DELAY                       003AH    0004H



SYMBOL TABLE OF MODULE:  .\Output\GPIO (GPIO)

  VALUE           TYPE          NAME
  ----------------------------------
BL51 BANKED LINKER/LOCATER V6.22.2.0                                                  02/28/2021  20:30:49  PAGE 3



  -------         MODULE        GPIO
  C:0000H         SYMBOL        _ICE_DUMMY_
  D:00B1H         PUBLIC        P0M1
  D:00B2H         PUBLIC        P0M2
  D:0080H         PUBLIC        P0
  D:0090H         PUBLIC        P1
  D:00A0H         PUBLIC        P2
  D:00B0H         PUBLIC        P3
  B:00A8H.7       PUBLIC        EA
  D:00D8H         PUBLIC        PWMCON0
  D:00A8H         PUBLIC        IE
  D:00C7H         PUBLIC        TA
  D:00B8H         PUBLIC        IP
  C:086EH         PUBLIC        main
  B:0021H.1       PUBLIC        BIT_TMP
  B:0080H.3       PUBLIC        P03
  B:0080H.4       PUBLIC        P04
  D:0098H         PUBLIC        SCON
  D:0088H         PUBLIC        TCON
  D:00F8H         PUBLIC        SCON_1
  C:0D3DH         PUBLIC        WatchDog_Config
  D:00E8H         PUBLIC        ADCCON0
  D:00C0H         PUBLIC        I2CON
  D:00C8H         PUBLIC        T2CON
  D:003EH         PUBLIC        i
  D:00D0H         PUBLIC        PSW
  D:00AAH         PUBLIC        WDCON
  -------         PROC          MAIN
  C:086EH         LINE#         16
  C:086EH         LINE#         17
  C:086EH         LINE#         19
  C:0874H         LINE#         20
  C:087AH         LINE#         21
  C:087FH         LINE#         24
  C:088AH         LINE#         25
  C:0898H         LINE#         26
  C:0898H         LINE#         27
  C:089AH         LINE#         28
  C:08A5H         LINE#         29
  C:08A9H         LINE#         31
  C:08ACH         LINE#         33
  C:08ACH         LINE#         34
  C:08ACH         LINE#         36
  C:08BAH         LINE#         37
  C:08BAH         LINE#         38
  C:08BCH         LINE#         39
  C:08C7H         LINE#         40
  C:08DAH         LINE#         41
  C:08DEH         LINE#         42
  -------         ENDPROC       MAIN
  -------         PROC          WATCHDOG_CONFIG
  C:0D3DH         LINE#         45
  C:0D3DH         LINE#         46
  C:0D3DH         LINE#         48
  C:0D40H         LINE#         49
  C:0D43H         LINE#         50
BL51 BANKED LINKER/LOCATER V6.22.2.0                                                  02/28/2021  20:30:49  PAGE 4


  C:0D46H         LINE#         51
  C:0D59H         LINE#         56
  -------         ENDPROC       WATCHDOG_CONFIG
  -------         ENDMOD        GPIO

  -------         MODULE        COMMON
  C:0000H         SYMBOL        _ICE_DUMMY_
  D:00B1H         PUBLIC        P0M1
  D:00B3H         PUBLIC        P1M1
  D:00B2H         PUBLIC        P0M2
  D:0080H         PUBLIC        P0
  D:00B5H         PUBLIC        P2M1
  D:00B4H         PUBLIC        P1M2
  D:0090H         PUBLIC        P1
  D:00B6H         PUBLIC        P2M2
  D:00ACH         PUBLIC        P3M1
  D:00A0H         PUBLIC        P2
  D:00B0H         PUBLIC        P3
  D:00ADH         PUBLIC        P3M2
  B:00A8H.7       PUBLIC        EA
  D:00D8H         PUBLIC        PWMCON0
  C:0D74H         PUBLIC        Set_All_GPIO_Quasi_Mode
  C:0CCDH         PUBLIC        _InitialUART0_Timer1_Type1
  C:0C4FH         PUBLIC        _InitialUART0_Timer1_Type2
  C:0C79H         PUBLIC        _InitialUART0_Timer1_Type3
  C:0CA3H         PUBLIC        _InitialUART0_Timer1_Type4
  D:00A8H         PUBLIC        IE
  D:0096H         PUBLIC        CKSWT
  C:08E1H         PUBLIC        _InitialUART0_Timer3_Type5
  C:0D5AH         PUBLIC        SW_Reset
  C:0946H         PUBLIC        _InitialUART0_Timer3_Type6
  D:00C7H         PUBLIC        TA
  D:00B8H         PUBLIC        IP
  B:0098H.0       PUBLIC        RI
  C:051DH         PUBLIC        _System_Clock_Select
  B:0098H.1       PUBLIC        TI
  D:0097H         PUBLIC        CKEN
  C:0DAAH         PUBLIC        Fsys_Clock_Output_On_P26
  B:00F8H.0       PUBLIC        RI_1
  B:00F8H.1       PUBLIC        TI_1
  D:0099H         PUBLIC        SBUF
  D:0087H         PUBLIC        PCON
  D:0098H         PUBLIC        SCON
  D:0089H         PUBLIC        TMOD
  D:0088H         PUBLIC        TCON
  D:009FH         PUBLIC        CHPCON
  D:009AH         PUBLIC        SBUF_1
  D:00F8H         PUBLIC        SCON_1
  D:00C6H         PUBLIC        RH3
  D:008DH         PUBLIC        TH1
  D:00C5H         PUBLIC        RL3
  C:0A0EH         PUBLIC        _InitialUART1_Timer3
  B:0088H.6       PUBLIC        TR1
  D:00E8H         PUBLIC        ADCCON0
  C:0D8EH         PUBLIC        _Send_Data_To_UART0
  C:0D9EH         PUBLIC        _Send_Data_To_UART1
  D:00C0H         PUBLIC        I2CON
BL51 BANKED LINKER/LOCATER V6.22.2.0                                                  02/28/2021  20:30:49  PAGE 5


  D:00C8H         PUBLIC        T2CON
  D:00C4H         PUBLIC        T3CON
  C:0D86H         PUBLIC        Receive_Data_From_UART0
  C:0D96H         PUBLIC        Receive_Data_From_UART1
  D:008EH         PUBLIC        CKCON
  D:00D0H         PUBLIC        PSW
  -------         PROC          _SYSTEM_CLOCK_SELECT
  D:0007H         SYMBOL        clock
  C:051DH         LINE#         25
  C:051DH         LINE#         26
  C:051DH         LINE#         27
  C:053AH         LINE#         28
  C:053AH         LINE#         29
  C:053AH         LINE#         30
  C:053AH         LINE#         32
  C:054DH         LINE#         33
  C:0560H         LINE#         36
  C:0566H         LINE#         39
  C:0579H         LINE#         40
  C:058CH         LINE#         41
  C:058FH         LINE#         43
  C:058FH         LINE#         44
  C:058FH         LINE#         46
  C:05A2H         LINE#         47
  C:05B5H         LINE#         50
  C:05BBH         LINE#         53
  C:05CEH         LINE#         54
  C:05E1H         LINE#         55
  C:05E4H         LINE#         57
  C:05E4H         LINE#         58
  C:05E4H         LINE#         60
  C:05F7H         LINE#         61
  C:060AH         LINE#         64
  C:0610H         LINE#         67
  C:0623H         LINE#         68
  C:0636H         LINE#         69
  C:0639H         LINE#         71
  C:0639H         LINE#         72
  C:0639H         LINE#         74
  C:064CH         LINE#         77
  C:0652H         LINE#         80
  C:0665H         LINE#         81
  C:0678H         LINE#         82
  C:067AH         LINE#         84
  C:067AH         LINE#         85
  C:067AH         LINE#         87
  C:068DH         LINE#         90
  C:0693H         LINE#         93
  C:06A6H         LINE#         94
  C:06B9H         LINE#         95
  C:06B9H         LINE#         96
  C:06B9H         LINE#         98
  C:06C1H         LINE#         99
  -------         ENDPROC       _SYSTEM_CLOCK_SELECT
  -------         PROC          _INITIALUART0_TIMER1_TYPE1
  D:0004H         SYMBOL        u32Baudrate
  C:0CCDH         LINE#         103
BL51 BANKED LINKER/LOCATER V6.22.2.0                                                  02/28/2021  20:30:49  PAGE 6


  C:0CCDH         LINE#         104
  C:0CCDH         LINE#         105
  C:0CD0H         LINE#         106
  C:0CD3H         LINE#         108
  C:0CD6H         LINE#         109
  C:0CD9H         LINE#         110
  C:0CDCH         LINE#         122
  C:0CF2H         LINE#         124
  C:0CF4H         LINE#         125
  -------         ENDPROC       _INITIALUART0_TIMER1_TYPE1
  -------         PROC          _INITIALUART0_TIMER1_TYPE2
  D:0004H         SYMBOL        u32Baudrate
  C:0C4FH         LINE#         130
  C:0C4FH         LINE#         131
  C:0C4FH         LINE#         132
  C:0C52H         LINE#         133
  C:0C55H         LINE#         135
  C:0C58H         LINE#         136
  C:0C5BH         LINE#         137
  C:0C5EH         LINE#         149
  C:0C76H         LINE#         151
  C:0C78H         LINE#         152
  -------         ENDPROC       _INITIALUART0_TIMER1_TYPE2
  -------         PROC          _INITIALUART0_TIMER1_TYPE3
  D:0004H         SYMBOL        u32Baudrate
  C:0C79H         LINE#         157
  C:0C79H         LINE#         158
  C:0C79H         LINE#         159
  C:0C7CH         LINE#         160
  C:0C7FH         LINE#         162
  C:0C82H         LINE#         163
  C:0C85H         LINE#         164
  C:0C88H         LINE#         176
  C:0CA0H         LINE#         178
  C:0CA2H         LINE#         179
  -------         ENDPROC       _INITIALUART0_TIMER1_TYPE3
  -------         PROC          _INITIALUART0_TIMER1_TYPE4
  D:0004H         SYMBOL        u32Baudrate
  C:0CA3H         LINE#         184
  C:0CA3H         LINE#         185
  C:0CA3H         LINE#         186
  C:0CA6H         LINE#         187
  C:0CA9H         LINE#         189
  C:0CACH         LINE#         190
  C:0CAFH         LINE#         191
  C:0CB2H         LINE#         203
  C:0CCAH         LINE#         205
  C:0CCCH         LINE#         206
  -------         ENDPROC       _INITIALUART0_TIMER1_TYPE4
  -------         PROC          _INITIALUART0_TIMER3_TYPE5
  D:001CH         SYMBOL        u32Baudrate
  C:08E1H         LINE#         208
  C:08E9H         LINE#         209
  C:08E9H         LINE#         210
  C:08ECH         LINE#         211
  C:08EFH         LINE#         212
  C:08F2H         LINE#         213
BL51 BANKED LINKER/LOCATER V6.22.2.0                                                  02/28/2021  20:30:49  PAGE 7


  C:08F5H         LINE#         228
  C:091DH         LINE#         229
  C:0942H         LINE#         231
  C:0945H         LINE#         232
  -------         ENDPROC       _INITIALUART0_TIMER3_TYPE5
  -------         PROC          _INITIALUART0_TIMER3_TYPE6
  D:0022H         SYMBOL        u32Baudrate
  C:0946H         LINE#         234
  C:094EH         LINE#         235
  C:094EH         LINE#         236
  C:0951H         LINE#         237
  C:0954H         LINE#         238
  C:0957H         LINE#         239
  C:095AH         LINE#         254
  C:0982H         LINE#         255
  C:09A7H         LINE#         257
  C:09AAH         LINE#         258
  -------         ENDPROC       _INITIALUART0_TIMER3_TYPE6
  -------         PROC          _INITIALUART1_TIMER3
  D:0026H         SYMBOL        u32Baudrate
  C:0A0EH         LINE#         260
  C:0A16H         LINE#         261
  C:0A16H         LINE#         262
  C:0A19H         LINE#         263
  C:0A1CH         LINE#         278
  C:0A44H         LINE#         279
  C:0A69H         LINE#         281
  C:0A6CH         LINE#         282
  -------         ENDPROC       _INITIALUART1_TIMER3
  -------         PROC          RECEIVE_DATA_FROM_UART0
  -------         DO            
  D:0007H         SYMBOL        c
  -------         ENDDO         
  C:0D86H         LINE#         294
  C:0D86H         LINE#         295
  C:0D86H         LINE#         298
  C:0D89H         LINE#         299
  C:0D8BH         LINE#         300
  C:0D8DH         LINE#         301
  C:0D8DH         LINE#         302
  -------         ENDPROC       RECEIVE_DATA_FROM_UART0
  -------         PROC          _SEND_DATA_TO_UART0
  D:0007H         SYMBOL        c
  C:0D8EH         LINE#         314
  C:0D8EH         LINE#         315
  C:0D8EH         LINE#         316
  C:0D90H         LINE#         317
  C:0D92H         LINE#         318
  C:0D95H         LINE#         319
  -------         ENDPROC       _SEND_DATA_TO_UART0
  -------         PROC          RECEIVE_DATA_FROM_UART1
  -------         DO            
  D:0007H         SYMBOL        c
  -------         ENDDO         
  C:0D96H         LINE#         331
  C:0D96H         LINE#         332
  C:0D96H         LINE#         335
BL51 BANKED LINKER/LOCATER V6.22.2.0                                                  02/28/2021  20:30:49  PAGE 8


  C:0D99H         LINE#         336
  C:0D9BH         LINE#         337
  C:0D9DH         LINE#         338
  C:0D9DH         LINE#         339
  -------         ENDPROC       RECEIVE_DATA_FROM_UART1
  -------         PROC          _SEND_DATA_TO_UART1
  D:0007H         SYMBOL        c
  C:0D9EH         LINE#         351
  C:0D9EH         LINE#         352
  C:0D9EH         LINE#         353
  C:0DA0H         LINE#         354
  C:0DA2H         LINE#         355
  C:0DA5H         LINE#         356
  -------         ENDPROC       _SEND_DATA_TO_UART1
  -------         PROC          SET_ALL_GPIO_QUASI_MODE
  C:0D74H         LINE#         358
  C:0D74H         LINE#         359
  C:0D74H         LINE#         360
  C:0D77H         LINE#         361
  C:0D79H         LINE#         362
  C:0D7BH         LINE#         363
  C:0D7DH         LINE#         364
  C:0D7FH         LINE#         365
  C:0D81H         LINE#         366
  C:0D83H         LINE#         367
  C:0D85H         LINE#         368
  -------         ENDPROC       SET_ALL_GPIO_QUASI_MODE
  -------         PROC          SW_RESET
  C:0D5AH         LINE#         371
  C:0D5AH         LINE#         372
  C:0D5AH         LINE#         373
  C:0D5DH         LINE#         374
  C:0D60H         LINE#         375
  C:0D73H         LINE#         376
  -------         ENDPROC       SW_RESET
  -------         PROC          FSYS_CLOCK_OUTPUT_ON_P26
  C:0DAAH         LINE#         378
  C:0DAAH         LINE#         379
  C:0DAAH         LINE#         380
  C:0DADH         LINE#         381
  -------         ENDPROC       FSYS_CLOCK_OUTPUT_ON_P26
  -------         ENDMOD        COMMON

  -------         MODULE        DELAY
  C:0000H         SYMBOL        _ICE_DUMMY_
  D:0080H         PUBLIC        P0
  D:0090H         PUBLIC        P1
  D:00A0H         PUBLIC        P2
  D:00B0H         PUBLIC        P3
  D:008FH         PUBLIC        WKCON
  D:00D8H         PUBLIC        PWMCON0
  D:00A8H         PUBLIC        IE
  D:00B8H         PUBLIC        IP
  C:0BB9H         PUBLIC        _Timer0_Delay1ms
  C:0C04H         PUBLIC        _Timer1_Delay1ms
  C:0B6BH         PUBLIC        _Timer2_Delay1ms
  C:0B1BH         PUBLIC        _Timer3_Delay1ms
BL51 BANKED LINKER/LOCATER V6.22.2.0                                                  02/28/2021  20:30:49  PAGE 9


  D:0098H         PUBLIC        SCON
  D:0089H         PUBLIC        TMOD
  D:0088H         PUBLIC        TCON
  C:09ABH         PUBLIC        _?Random_Delay
  C:0D1CH         PUBLIC        _Delay10us
  D:00F8H         PUBLIC        SCON_1
  B:0088H.5       PUBLIC        TF0
  B:0088H.7       PUBLIC        TF1
  B:00C8H.7       PUBLIC        TF2
  D:008CH         PUBLIC        TH0
  D:00C6H         PUBLIC        RH3
  D:008DH         PUBLIC        TH1
  D:00CDH         PUBLIC        TH2
  D:008AH         PUBLIC        TL0
  C:0AC5H         PUBLIC        _WakeUp_Timer_Delay25ms
  D:00C5H         PUBLIC        RL3
  D:008BH         PUBLIC        TL1
  D:00CCH         PUBLIC        TL2
  B:0088H.4       PUBLIC        TR0
  B:0088H.6       PUBLIC        TR1
  B:00C8H.2       PUBLIC        TR2
  D:00E8H         PUBLIC        ADCCON0
  D:00C0H         PUBLIC        I2CON
  D:00C9H         PUBLIC        T2MOD
  D:00C8H         PUBLIC        T2CON
  D:00C4H         PUBLIC        T3CON
  D:008EH         PUBLIC        CKCON
  D:0086H         PUBLIC        RWK
  D:00D0H         PUBLIC        PSW
  -------         PROC          _?RANDOM_DELAY
  -------         DO            
  i:0000H         SYMBOL        u32CNT
  i:0004H         SYMBOL        u32Tmp
  -------         ENDDO         
  C:09ABH         LINE#         48
  C:09B1H         LINE#         52
  C:09CBH         LINE#         53
  C:09CBH         LINE#         54
  C:09ECH         LINE#         55
  C:0A07H         LINE#         56
  -------         ENDPROC       _?RANDOM_DELAY
  -------         PROC          _DELAY10US
  D:0006H         SYMBOL        u16CNT
  C:0D1CH         LINE#         58
  C:0D1CH         LINE#         59
  C:0D1CH         LINE#         60
  C:0D1FH         LINE#         61
  C:0D22H         LINE#         62
  C:0D24H         LINE#         63
  C:0D28H         LINE#         64
  C:0D28H         LINE#         65
  C:0D2BH         LINE#         66
  C:0D2EH         LINE#         67
  C:0D31H         LINE#         68
  C:0D33H         LINE#         69
  C:0D38H         LINE#         70
  C:0D3AH         LINE#         71
BL51 BANKED LINKER/LOCATER V6.22.2.0                                                  02/28/2021  20:30:49  PAGE 10


  C:0D3CH         LINE#         72
  -------         ENDPROC       _DELAY10US
  -------         PROC          _TIMER0_DELAY1MS
  D:003AH         SYMBOL        u32CNT
  C:0BB9H         LINE#         74
  C:0BC1H         LINE#         75
  C:0BC1H         LINE#         76
  C:0BC4H         LINE#         77
  C:0BC7H         LINE#         78
  C:0BC9H         LINE#         79
  C:0BDCH         LINE#         80
  C:0BDCH         LINE#         81
  C:0BDFH         LINE#         82
  C:0BE2H         LINE#         83
  C:0BE5H         LINE#         84
  C:0BE7H         LINE#         85
  C:0BFFH         LINE#         86
  C:0C01H         LINE#         87
  C:0C03H         LINE#         88
  -------         ENDPROC       _TIMER0_DELAY1MS
  -------         PROC          _TIMER1_DELAY1MS
  D:002AH         SYMBOL        u32CNT
  C:0C04H         LINE#         90
  C:0C0CH         LINE#         91
  C:0C0CH         LINE#         92
  C:0C0FH         LINE#         93
  C:0C12H         LINE#         94
  C:0C14H         LINE#         95
  C:0C27H         LINE#         96
  C:0C27H         LINE#         97
  C:0C2AH         LINE#         98
  C:0C2DH         LINE#         99
  C:0C30H         LINE#         100
  C:0C32H         LINE#         101
  C:0C4AH         LINE#         102
  C:0C4CH         LINE#         103
  C:0C4EH         LINE#         104
  -------         ENDPROC       _TIMER1_DELAY1MS
  -------         PROC          _TIMER2_DELAY1MS
  D:002EH         SYMBOL        u32CNT
  C:0B6BH         LINE#         106
  C:0B73H         LINE#         107
  C:0B73H         LINE#         109
  C:0B76H         LINE#         110
  C:0B79H         LINE#         111
  C:0B7CH         LINE#         112
  C:0B7EH         LINE#         113
  C:0B91H         LINE#         114
  C:0B91H         LINE#         115
  C:0B94H         LINE#         116
  C:0B97H         LINE#         117
  C:0B9AH         LINE#         118
  C:0B9CH         LINE#         119
  C:0BB4H         LINE#         120
  C:0BB6H         LINE#         121
  C:0BB8H         LINE#         122
  -------         ENDPROC       _TIMER2_DELAY1MS
BL51 BANKED LINKER/LOCATER V6.22.2.0                                                  02/28/2021  20:30:49  PAGE 11


  -------         PROC          _TIMER3_DELAY1MS
  D:0032H         SYMBOL        u32CNT
  C:0B1BH         LINE#         124
  C:0B23H         LINE#         125
  C:0B23H         LINE#         126
  C:0B26H         LINE#         127
  C:0B29H         LINE#         128
  C:0B3CH         LINE#         129
  C:0B3CH         LINE#         130
  C:0B3FH         LINE#         131
  C:0B42H         LINE#         132
  C:0B4AH         LINE#         133
  C:0B4DH         LINE#         134
  C:0B65H         LINE#         135
  C:0B67H         LINE#         136
  C:0B6AH         LINE#         137
  -------         ENDPROC       _TIMER3_DELAY1MS
  -------         PROC          _WAKEUP_TIMER_DELAY25MS
  D:0036H         SYMBOL        u32CNT
  C:0AC5H         LINE#         139
  C:0ACDH         LINE#         140
  C:0ACDH         LINE#         141
  C:0AD0H         LINE#         142
  C:0AD3H         LINE#         143
  C:0AD6H         LINE#         145
  C:0AD9H         LINE#         147
  C:0ADCH         LINE#         148
  C:0ADFH         LINE#         149
  C:0AF2H         LINE#         150
  C:0AF2H         LINE#         151
  C:0AFAH         LINE#         152
  C:0AFDH         LINE#         153
  C:0B15H         LINE#         154
  C:0B17H         LINE#         155
  C:0B1AH         LINE#         156
  -------         ENDPROC       _WAKEUP_TIMER_DELAY25MS
  -------         ENDMOD        DELAY

  -------         MODULE        VERSION
  C:0000H         SYMBOL        _ICE_DUMMY_
  D:0080H         PUBLIC        P0
  D:0090H         PUBLIC        P1
  D:00A0H         PUBLIC        P2
  D:00B0H         PUBLIC        P3
  D:00D8H         PUBLIC        PWMCON0
  D:00A8H         PUBLIC        IE
  D:00B8H         PUBLIC        IP
  D:0098H         PUBLIC        SCON
  D:0088H         PUBLIC        TCON
  D:00F8H         PUBLIC        SCON_1
  C:0A6DH         PUBLIC        Show_FW_Version_Number_To_PC
  D:00E8H         PUBLIC        ADCCON0
  D:00C0H         PUBLIC        I2CON
  D:00C8H         PUBLIC        T2CON
  D:00D0H         PUBLIC        PSW
  -------         PROC          SHOW_FW_VERSION_NUMBER_TO_PC
  C:0A6DH         LINE#         31
BL51 BANKED LINKER/LOCATER V6.22.2.0                                                  02/28/2021  20:30:49  PAGE 12


  C:0A6DH         LINE#         32
  C:0A6DH         LINE#         33
  C:0A76H         LINE#         34
  C:0A7FH         LINE#         35
  C:0A88H         LINE#         36
  C:0AA0H         LINE#         37
  C:0ABBH         LINE#         38
  C:0AC4H         LINE#         39
  -------         ENDPROC       SHOW_FW_VERSION_NUMBER_TO_PC
  -------         ENDMOD        VERSION

  -------         MODULE        ?C_STARTUP
  C:07D4H         SEGMENT       ?C_C51STARTUP
  I:0040H         SEGMENT       ?STACK
  C:0000H         PUBLIC        ?C_STARTUP
  D:00E0H         SYMBOL        ACC
  D:00F0H         SYMBOL        B
  D:0083H         SYMBOL        DPH
  D:0082H         SYMBOL        DPL
  N:0000H         SYMBOL        IBPSTACK
  N:0100H         SYMBOL        IBPSTACKTOP
  N:0080H         SYMBOL        IDATALEN
  C:07D7H         SYMBOL        IDATALOOP
  N:0000H         SYMBOL        PBPSTACK
  N:0000H         SYMBOL        PBPSTACKTOP
  N:0000H         SYMBOL        PDATALEN
  N:0000H         SYMBOL        PDATASTART
  N:0000H         SYMBOL        PPAGE
  N:0000H         SYMBOL        PPAGEENABLE
  D:00A0H         SYMBOL        PPAGE_SFR
  D:0081H         SYMBOL        SP
  C:07D4H         SYMBOL        STARTUP1
  N:0000H         SYMBOL        XBPSTACK
  N:0000H         SYMBOL        XBPSTACKTOP
  N:00FFH         SYMBOL        XDATALEN
  C:07E2H         SYMBOL        XDATALOOP
  N:0000H         SYMBOL        XDATASTART
  C:0000H         LINE#         92
  C:07D4H         LINE#         99
  C:07D6H         LINE#         100
  C:07D7H         LINE#         101
  C:07D8H         LINE#         102
  C:07DAH         LINE#         106
  C:07DDH         LINE#         107
  C:07DFH         LINE#         109
  C:07E1H         LINE#         113
  C:07E2H         LINE#         114
  C:07E3H         LINE#         115
  C:07E4H         LINE#         116
  C:07E6H         LINE#         117
  C:07E8H         LINE#         151
  C:07EBH         LINE#         155
  -------         ENDMOD        ?C_STARTUP

  -------         MODULE        ?C?ULDIV
  C:039BH         PUBLIC        ?C?ULDIV
  -------         ENDMOD        ?C?ULDIV
BL51 BANKED LINKER/LOCATER V6.22.2.0                                                  02/28/2021  20:30:49  PAGE 13



  -------         MODULE        ?C?ULCMP
  C:042DH         PUBLIC        ?C?ULCMP
  -------         ENDMOD        ?C?ULCMP

  -------         MODULE        ?C?ULSHR
  C:043EH         PUBLIC        ?C?ULSHR
  -------         ENDMOD        ?C?ULSHR

  -------         MODULE        ?C?LLDIDATA
  C:0451H         PUBLIC        ?C?LLDIDATA
  -------         ENDMOD        ?C?LLDIDATA

  -------         MODULE        ?C?LLDIDATA0
  C:045DH         PUBLIC        ?C?LLDIDATA0
  -------         ENDMOD        ?C?LLDIDATA0

  -------         MODULE        ?C?LSTIDATA
  C:046AH         PUBLIC        ?C?LSTIDATA
  -------         ENDMOD        ?C?LSTIDATA

  -------         MODULE        ?C?LSTKIDATA
  C:0476H         PUBLIC        ?C?LSTKIDATA
  -------         ENDMOD        ?C?LSTKIDATA

  -------         MODULE        ?C_IBP
  D:003FH         PUBLIC        ?C_IBP
  -------         ENDMOD        ?C_IBP

  -------         MODULE        PRINTF
  D:0008H         PUBLIC        ?_PRINTF517?BYTE
  D:0008H         PUBLIC        ?_PRINTF?BYTE
  D:0008H         PUBLIC        ?_SPRINTF517?BYTE
  D:0008H         PUBLIC        ?_SPRINTF?BYTE
  C:0065H         PUBLIC        _PRINTF
  C:0065H         PUBLIC        _PRINTF517
  C:005FH         PUBLIC        _SPRINTF
  C:005FH         PUBLIC        _SPRINTF517
  -------         ENDMOD        PRINTF

  -------         MODULE        ?C?CLDPTR
  C:048FH         PUBLIC        ?C?CLDPTR
  -------         ENDMOD        ?C?CLDPTR

  -------         MODULE        ?C?CLDOPTR
  C:04A8H         PUBLIC        ?C?CLDOPTR
  -------         ENDMOD        ?C?CLDOPTR

  -------         MODULE        ?C?CSTPTR
  C:04D5H         PUBLIC        ?C?CSTPTR
  -------         ENDMOD        ?C?CSTPTR

  -------         MODULE        ?C?PLDIIDATA
  C:04E7H         PUBLIC        ?C?PLDIIDATA
  -------         ENDMOD        ?C?PLDIIDATA

  -------         MODULE        ?C?CCASE
BL51 BANKED LINKER/LOCATER V6.22.2.0                                                  02/28/2021  20:30:49  PAGE 14


  C:04F7H         PUBLIC        ?C?CCASE
  -------         ENDMOD        ?C?CCASE

  -------         MODULE        PUTCHAR
  C:0CF5H         PUBLIC        _PUTCHAR
  -------         ENDMOD        PUTCHAR

Program Size: data=64.2 xdata=0 code=3502
LINK/LOCATE RUN COMPLETE.  0 WARNING(S),  0 ERROR(S)
