BL51 BANKED LINKER/LOCATER V6.22.2.0                                                    02/28/2021  15:01:15  PAGE 1


BL51 BANKED LINKER/LOCATER V6.22.2.0, INVOKED BY:
C:\KEIL_V5\C51\BIN\BL51.EXE .\Output\GPIO.obj, .\Output\Common.obj, .\Output\Delay.obj, .\Output\Version.obj, .\Output\S
>> TARTUP.obj TO .\Output\GPIO PRINT (.\LST\GPIO.m51) RAMSIZE (256) DISABLEWARNING (16)


MEMORY MODEL: SMALL


INPUT MODULES INCLUDED:
  .\Output\GPIO.obj (GPIO)
  .\Output\Common.obj (COMMON)
  .\Output\Delay.obj (DELAY)
  .\Output\Version.obj (VERSION)
  .\Output\STARTUP.obj (?C_STARTUP)
  C:\KEIL_V5\C51\LIB\C51S.LIB (?C?ULDIV)
  C:\KEIL_V5\C51\LIB\C51S.LIB (?C?ULCMP)
  C:\KEIL_V5\C51\LIB\C51S.LIB (?C?ULSHR)
  C:\KEIL_V5\C51\LIB\C51S.LIB (?C?LLDIDATA)
  C:\KEIL_V5\C51\LIB\C51S.LIB (?C?LLDIDATA0)
  C:\KEIL_V5\C51\LIB\C51S.LIB (?C?LSTIDATA)
  C:\KEIL_V5\C51\LIB\C51S.LIB (?C?LSTKIDATA)
  C:\KEIL_V5\C51\LIB\C51S.LIB (?C_IBP)
  C:\KEIL_V5\C51\LIB\C51S.LIB (PRINTF)
  C:\KEIL_V5\C51\LIB\C51S.LIB (?C?CLDPTR)
  C:\KEIL_V5\C51\LIB\C51S.LIB (?C?CLDOPTR)
  C:\KEIL_V5\C51\LIB\C51S.LIB (?C?CSTPTR)
  C:\KEIL_V5\C51\LIB\C51S.LIB (?C?PLDIIDATA)
  C:\KEIL_V5\C51\LIB\C51S.LIB (?C?CCASE)
  C:\KEIL_V5\C51\LIB\C51S.LIB (PUTCHAR)


LINK MAP OF MODULE:  .\Output\GPIO (GPIO)


            TYPE    BASE      LENGTH    RELOCATION   SEGMENT NAME
            -----------------------------------------------------

            * * * * * * *   D A T A   M E M O R Y   * * * * * * *
            REG     0000H     0008H     ABSOLUTE     "REG BANK 0"
            DATA    0008H     0014H     UNIT         ?DT?PRINTF?PRINTF
            DATA    001CH     0004H     UNIT         ?DT?_SET_VALUE?GPIO
            BIT     0020H.0   0001H.1   UNIT         ?BI?PRINTF?PRINTF
            BIT     0021H.1   0000H.1   UNIT         ?BI?GPIO
                    0021H.2   0000H.6                *** GAP ***
            DATA    0022H     0004H     UNIT         ?DT?_INITIALUART0_TIMER3_TYPE5?COMMON
            DATA    0026H     0004H     UNIT         ?DT?_INITIALUART0_TIMER3_TYPE6?COMMON
            DATA    002AH     0004H     UNIT         ?DT?_INITIALUART1_TIMER3?COMMON
            DATA    002EH     0004H     UNIT         ?DT?_TIMER0_DELAY1MS?DELAY
            DATA    0032H     0004H     UNIT         ?DT?_TIMER1_DELAY1MS?DELAY
            DATA    0036H     0004H     UNIT         ?DT?_TIMER2_DELAY1MS?DELAY
            DATA    003AH     0004H     UNIT         ?DT?_TIMER3_DELAY1MS?DELAY
            DATA    003EH     0004H     UNIT         ?DT?_WAKEUP_TIMER_DELAY25MS?DELAY
            DATA    0042H     0002H     UNIT         ?DT?RAINBOW?GPIO
            DATA    0044H     0001H     UNIT         ?C?LIB_DATA
            IDATA   0045H     0001H     UNIT         ?STACK

            * * * * * * *   C O D E   M E M O R Y   * * * * * * *
            CODE    0000H     0003H     ABSOLUTE     
BL51 BANKED LINKER/LOCATER V6.22.2.0                                                  02/28/2021  15:01:15  PAGE 2


            CODE    0003H     035CH     UNIT         ?PR?PRINTF?PRINTF
            CODE    035FH     01BEH     UNIT         ?C?LIB_CODE
            CODE    051DH     01A5H     UNIT         ?PR?_SYSTEM_CLOCK_SELECT?COMMON
            CODE    06C2H     0112H     UNIT         ?CO?VERSION
            CODE    07D4H     0088H     UNIT         ?PR?RAINBOW?GPIO
            CODE    085CH     0065H     UNIT         ?PR?_INITIALUART0_TIMER3_TYPE5?COMMON
            CODE    08C1H     0065H     UNIT         ?PR?_INITIALUART0_TIMER3_TYPE6?COMMON
            CODE    0926H     0063H     UNIT         ?PR?_?RANDOM_DELAY?DELAY
            CODE    0989H     005FH     UNIT         ?PR?_INITIALUART1_TIMER3?COMMON
            CODE    09E8H     0058H     UNIT         ?PR?SHOW_FW_VERSION_NUMBER_TO_PC?VERSION
            CODE    0A40H     0056H     UNIT         ?PR?_WAKEUP_TIMER_DELAY25MS?DELAY
            CODE    0A96H     0050H     UNIT         ?PR?_TIMER3_DELAY1MS?DELAY
            CODE    0AE6H     004EH     UNIT         ?PR?_TIMER2_DELAY1MS?DELAY
            CODE    0B34H     004BH     UNIT         ?PR?_TIMER0_DELAY1MS?DELAY
            CODE    0B7FH     004BH     UNIT         ?PR?_TIMER1_DELAY1MS?DELAY
            CODE    0BCAH     0043H     UNIT         ?PR?MAIN?GPIO
            CODE    0C0DH     003BH     UNIT         ?PR?_SET_VALUE?GPIO
            CODE    0C48H     0031H     UNIT         ?PR?GPIO_CONFIG?GPIO
            CODE    0C79H     002AH     UNIT         ?PR?_INITIALUART0_TIMER1_TYPE2?COMMON
            CODE    0CA3H     002AH     UNIT         ?PR?_INITIALUART0_TIMER1_TYPE3?COMMON
            CODE    0CCDH     002AH     UNIT         ?PR?_INITIALUART0_TIMER1_TYPE4?COMMON
            CODE    0CF7H     0028H     UNIT         ?PR?_INITIALUART0_TIMER1_TYPE1?COMMON
            CODE    0D1FH     0027H     UNIT         ?PR?PUTCHAR?PUTCHAR
            CODE    0D46H     0021H     UNIT         ?PR?_DELAY10US?DELAY
            CODE    0D67H     001AH     UNIT         ?PR?SW_RESET?COMMON
            CODE    0D81H     001AH     UNIT         ?C_C51STARTUP
            CODE    0D9BH     0012H     UNIT         ?PR?SET_ALL_GPIO_QUASI_MODE?COMMON
            CODE    0DADH     000BH     UNIT         ?PR?_SET_PWM_PERIOD?GPIO
            CODE    0DB8H     0009H     UNIT         ?PR?_SET_PWM01?GPIO
            CODE    0DC1H     0009H     UNIT         ?PR?_SET_PWM23?GPIO
            CODE    0DCAH     0009H     UNIT         ?PR?_SET_PWM45?GPIO
            CODE    0DD3H     0009H     UNIT         ?PR?_SET_PWM67?GPIO
            CODE    0DDCH     0008H     UNIT         ?PR?RECEIVE_DATA_FROM_UART0?COMMON
            CODE    0DE4H     0008H     UNIT         ?PR?_SEND_DATA_TO_UART0?COMMON
            CODE    0DECH     0008H     UNIT         ?PR?RECEIVE_DATA_FROM_UART1?COMMON
            CODE    0DF4H     0008H     UNIT         ?PR?_SEND_DATA_TO_UART1?COMMON
            CODE    0DFCH     0004H     UNIT         ?PR?FSYS_CLOCK_OUTPUT_ON_P26?COMMON



OVERLAY MAP OF MODULE:   .\Output\GPIO (GPIO)


SEGMENT
  +--> CALLED SEGMENT
---------------------
?C_C51STARTUP
  +--> ?PR?MAIN?GPIO

?PR?MAIN?GPIO
  +--> ?PR?_SYSTEM_CLOCK_SELECT?COMMON
  +--> ?PR?GPIO_CONFIG?GPIO
  +--> ?PR?_SET_PWM_PERIOD?GPIO
  +--> ?PR?_SET_PWM01?GPIO
  +--> ?PR?_SET_PWM23?GPIO
  +--> ?PR?_SET_PWM45?GPIO
  +--> ?PR?_SET_PWM67?GPIO
BL51 BANKED LINKER/LOCATER V6.22.2.0                                                  02/28/2021  15:01:15  PAGE 3





SYMBOL TABLE OF MODULE:  .\Output\GPIO (GPIO)

  VALUE           TYPE          NAME
  ----------------------------------

  -------         MODULE        GPIO
  C:0000H         SYMBOL        _ICE_DUMMY_
  D:00B1H         PUBLIC        P0M1
  D:00B3H         PUBLIC        P1M1
  D:00B2H         PUBLIC        P0M2
  D:0080H         PUBLIC        P0
  D:00B5H         PUBLIC        P2M1
  D:00B4H         PUBLIC        P1M2
  D:0090H         PUBLIC        P1
  D:00B6H         PUBLIC        P2M2
  D:00A0H         PUBLIC        P2
  D:00B0H         PUBLIC        P3
  C:0DB8H         PUBLIC        _set_PWM01
  D:00D8H         PUBLIC        PWMCON0
  D:00DFH         PUBLIC        PWMCON1
  C:0DC1H         PUBLIC        _set_PWM23
  C:0DCAH         PUBLIC        _set_PWM45
  D:00D1H         PUBLIC        PWMPH
  D:00A8H         PUBLIC        IE
  C:0DD3H         PUBLIC        _set_PWM67
  D:00D9H         PUBLIC        PWMPL
  D:00B8H         PUBLIC        IP
  D:00D2H         PUBLIC        PWM01H
  B:00D8H.6       PUBLIC        LOAD
  D:00DAH         PUBLIC        PWM01L
  D:00D3H         PUBLIC        PWM23H
  C:0BCAH         PUBLIC        main
  D:00DBH         PUBLIC        PWM23L
  D:00D5H         PUBLIC        PWM45H
  D:00DDH         PUBLIC        PWM45L
  D:00D4H         PUBLIC        PWM67H
  C:0C0DH         PUBLIC        _set_Value
  D:00DCH         PUBLIC        PWM67L
  B:0021H.1       PUBLIC        BIT_TMP
  D:0098H         PUBLIC        SCON
  D:0088H         PUBLIC        TCON
  C:07D4H         PUBLIC        RainBow
  D:00F8H         PUBLIC        SCON_1
  B:00D8H.4       PUBLIC        CLRPWM
  D:00E8H         PUBLIC        ADCCON0
  D:00C0H         PUBLIC        I2CON
  D:00C8H         PUBLIC        T2CON
  D:00DEH         PUBLIC        PIO
  C:0C48H         PUBLIC        GPIO_Config
  C:0DADH         PUBLIC        _set_PWM_Period
  B:00D8H.7       PUBLIC        PWMRUN
  D:00D6H         PUBLIC        PNP
  D:008EH         PUBLIC        CKCON
  D:00D0H         PUBLIC        PSW
BL51 BANKED LINKER/LOCATER V6.22.2.0                                                  02/28/2021  15:01:15  PAGE 4


  -------         PROC          MAIN
  C:0BCAH         LINE#         24
  C:0BCAH         LINE#         25
  C:0BCAH         LINE#         26
  C:0BCFH         LINE#         27
  C:0BD2H         LINE#         28
  C:0BD5H         LINE#         29
  C:0BD8H         LINE#         30
  C:0BDBH         LINE#         31
  C:0BDEH         LINE#         32
  C:0BE4H         LINE#         33
  C:0BE7H         LINE#         35
  C:0BEEH         LINE#         37
  C:0BEEH         LINE#         38
  C:0BEEH         LINE#         40
  C:0BF5H         LINE#         41
  C:0BFCH         LINE#         42
  C:0C03H         LINE#         43
  C:0C0AH         LINE#         45
  -------         ENDPROC       MAIN
  -------         PROC          GPIO_CONFIG
  C:0C48H         LINE#         48
  C:0C48H         LINE#         49
  C:0C48H         LINE#         50
  C:0C4EH         LINE#         51
  C:0C54H         LINE#         52
  C:0C5AH         LINE#         53
  C:0C60H         LINE#         54
  C:0C66H         LINE#         55
  C:0C6CH         LINE#         56
  C:0C72H         LINE#         57
  C:0C78H         LINE#         58
  -------         ENDPROC       GPIO_CONFIG
  -------         PROC          _SET_VALUE
  D:0006H         SYMBOL        red
  D:001CH         SYMBOL        green
  D:001EH         SYMBOL        blue
  C:0C0DH         LINE#         59
  C:0C15H         LINE#         60
  C:0C15H         LINE#         61
  C:0C18H         LINE#         62
  C:0C23H         LINE#         63
  C:0C2AH         LINE#         64
  C:0C35H         LINE#         65
  C:0C3CH         LINE#         66
  C:0C47H         LINE#         67
  -------         ENDPROC       _SET_VALUE
  -------         PROC          RAINBOW
  -------         DO            
  D:0042H         SYMBOL        i
  -------         ENDDO         
  C:07D4H         LINE#         68
  C:07D4H         LINE#         69
  C:07D4H         LINE#         70
  C:07D9H         LINE#         71
  C:07EAH         LINE#         72
  C:07EAH         LINE#         73
BL51 BANKED LINKER/LOCATER V6.22.2.0                                                  02/28/2021  15:01:15  PAGE 5


  C:07F6H         LINE#         74
  C:080CH         LINE#         75
  C:0819H         LINE#         76
  C:0836H         LINE#         78
  C:0851H         LINE#         79
  C:085BH         LINE#         80
  -------         ENDPROC       RAINBOW
  -------         PROC          _SET_PWM_PERIOD
  D:0006H         SYMBOL        valuePeriod
  C:0DADH         LINE#         82
  C:0DADH         LINE#         83
  C:0DADH         LINE#         84
  C:0DAFH         LINE#         85
  C:0DB2H         LINE#         86
  C:0DB5H         LINE#         87
  C:0DB7H         LINE#         88
  -------         ENDPROC       _SET_PWM_PERIOD
  -------         PROC          _SET_PWM01
  D:0006H         SYMBOL        value
  C:0DB8H         LINE#         89
  C:0DB8H         LINE#         90
  C:0DB8H         LINE#         91
  C:0DBBH         LINE#         92
  C:0DBEH         LINE#         93
  C:0DC0H         LINE#         94
  -------         ENDPROC       _SET_PWM01
  -------         PROC          _SET_PWM23
  D:0006H         SYMBOL        value
  C:0DC1H         LINE#         95
  C:0DC1H         LINE#         96
  C:0DC1H         LINE#         97
  C:0DC4H         LINE#         98
  C:0DC7H         LINE#         99
  C:0DC9H         LINE#         100
  -------         ENDPROC       _SET_PWM23
  -------         PROC          _SET_PWM45
  D:0006H         SYMBOL        value
  C:0DCAH         LINE#         101
  C:0DCAH         LINE#         102
  C:0DCAH         LINE#         103
  C:0DCDH         LINE#         104
  C:0DD0H         LINE#         105
  C:0DD2H         LINE#         106
  -------         ENDPROC       _SET_PWM45
  -------         PROC          _SET_PWM67
  D:0006H         SYMBOL        value
  C:0DD3H         LINE#         107
  C:0DD3H         LINE#         108
  C:0DD3H         LINE#         109
  C:0DD6H         LINE#         110
  C:0DD9H         LINE#         111
  C:0DDBH         LINE#         112
  -------         ENDPROC       _SET_PWM67
  -------         ENDMOD        GPIO

  -------         MODULE        COMMON
  C:0000H         SYMBOL        _ICE_DUMMY_
BL51 BANKED LINKER/LOCATER V6.22.2.0                                                  02/28/2021  15:01:15  PAGE 6


  D:00B1H         PUBLIC        P0M1
  D:00B3H         PUBLIC        P1M1
  D:00B2H         PUBLIC        P0M2
  D:0080H         PUBLIC        P0
  D:00B5H         PUBLIC        P2M1
  D:00B4H         PUBLIC        P1M2
  D:0090H         PUBLIC        P1
  D:00B6H         PUBLIC        P2M2
  D:00ACH         PUBLIC        P3M1
  D:00A0H         PUBLIC        P2
  D:00B0H         PUBLIC        P3
  D:00ADH         PUBLIC        P3M2
  B:00A8H.7       PUBLIC        EA
  D:00D8H         PUBLIC        PWMCON0
  C:0D9BH         PUBLIC        Set_All_GPIO_Quasi_Mode
  C:0CF7H         PUBLIC        _InitialUART0_Timer1_Type1
  C:0C79H         PUBLIC        _InitialUART0_Timer1_Type2
  C:0CA3H         PUBLIC        _InitialUART0_Timer1_Type3
  C:0CCDH         PUBLIC        _InitialUART0_Timer1_Type4
  D:00A8H         PUBLIC        IE
  D:0096H         PUBLIC        CKSWT
  C:085CH         PUBLIC        _InitialUART0_Timer3_Type5
  C:0D67H         PUBLIC        SW_Reset
  C:08C1H         PUBLIC        _InitialUART0_Timer3_Type6
  D:00C7H         PUBLIC        TA
  D:00B8H         PUBLIC        IP
  B:0098H.0       PUBLIC        RI
  C:051DH         PUBLIC        _System_Clock_Select
  B:0098H.1       PUBLIC        TI
  D:0097H         PUBLIC        CKEN
  C:0DFCH         PUBLIC        Fsys_Clock_Output_On_P26
  B:00F8H.0       PUBLIC        RI_1
  B:00F8H.1       PUBLIC        TI_1
  D:0099H         PUBLIC        SBUF
  D:0087H         PUBLIC        PCON
  D:0098H         PUBLIC        SCON
  D:0089H         PUBLIC        TMOD
  D:0088H         PUBLIC        TCON
  D:009FH         PUBLIC        CHPCON
  D:009AH         PUBLIC        SBUF_1
  D:00F8H         PUBLIC        SCON_1
  D:00C6H         PUBLIC        RH3
  D:008DH         PUBLIC        TH1
  D:00C5H         PUBLIC        RL3
  C:0989H         PUBLIC        _InitialUART1_Timer3
  B:0088H.6       PUBLIC        TR1
  D:00E8H         PUBLIC        ADCCON0
  C:0DE4H         PUBLIC        _Send_Data_To_UART0
  C:0DF4H         PUBLIC        _Send_Data_To_UART1
  D:00C0H         PUBLIC        I2CON
  D:00C8H         PUBLIC        T2CON
  D:00C4H         PUBLIC        T3CON
  C:0DDCH         PUBLIC        Receive_Data_From_UART0
  C:0DECH         PUBLIC        Receive_Data_From_UART1
  D:008EH         PUBLIC        CKCON
  D:00D0H         PUBLIC        PSW
  -------         PROC          _SYSTEM_CLOCK_SELECT
BL51 BANKED LINKER/LOCATER V6.22.2.0                                                  02/28/2021  15:01:15  PAGE 7


  D:0007H         SYMBOL        clock
  C:051DH         LINE#         25
  C:051DH         LINE#         26
  C:051DH         LINE#         27
  C:053AH         LINE#         28
  C:053AH         LINE#         29
  C:053AH         LINE#         30
  C:053AH         LINE#         32
  C:054DH         LINE#         33
  C:0560H         LINE#         36
  C:0566H         LINE#         39
  C:0579H         LINE#         40
  C:058CH         LINE#         41
  C:058FH         LINE#         43
  C:058FH         LINE#         44
  C:058FH         LINE#         46
  C:05A2H         LINE#         47
  C:05B5H         LINE#         50
  C:05BBH         LINE#         53
  C:05CEH         LINE#         54
  C:05E1H         LINE#         55
  C:05E4H         LINE#         57
  C:05E4H         LINE#         58
  C:05E4H         LINE#         60
  C:05F7H         LINE#         61
  C:060AH         LINE#         64
  C:0610H         LINE#         67
  C:0623H         LINE#         68
  C:0636H         LINE#         69
  C:0639H         LINE#         71
  C:0639H         LINE#         72
  C:0639H         LINE#         74
  C:064CH         LINE#         77
  C:0652H         LINE#         80
  C:0665H         LINE#         81
  C:0678H         LINE#         82
  C:067AH         LINE#         84
  C:067AH         LINE#         85
  C:067AH         LINE#         87
  C:068DH         LINE#         90
  C:0693H         LINE#         93
  C:06A6H         LINE#         94
  C:06B9H         LINE#         95
  C:06B9H         LINE#         96
  C:06B9H         LINE#         98
  C:06C1H         LINE#         99
  -------         ENDPROC       _SYSTEM_CLOCK_SELECT
  -------         PROC          _INITIALUART0_TIMER1_TYPE1
  D:0004H         SYMBOL        u32Baudrate
  C:0CF7H         LINE#         103
  C:0CF7H         LINE#         104
  C:0CF7H         LINE#         105
  C:0CFAH         LINE#         106
  C:0CFDH         LINE#         108
  C:0D00H         LINE#         109
  C:0D03H         LINE#         110
  C:0D06H         LINE#         122
BL51 BANKED LINKER/LOCATER V6.22.2.0                                                  02/28/2021  15:01:15  PAGE 8


  C:0D1CH         LINE#         124
  C:0D1EH         LINE#         125
  -------         ENDPROC       _INITIALUART0_TIMER1_TYPE1
  -------         PROC          _INITIALUART0_TIMER1_TYPE2
  D:0004H         SYMBOL        u32Baudrate
  C:0C79H         LINE#         130
  C:0C79H         LINE#         131
  C:0C79H         LINE#         132
  C:0C7CH         LINE#         133
  C:0C7FH         LINE#         135
  C:0C82H         LINE#         136
  C:0C85H         LINE#         137
  C:0C88H         LINE#         149
  C:0CA0H         LINE#         151
  C:0CA2H         LINE#         152
  -------         ENDPROC       _INITIALUART0_TIMER1_TYPE2
  -------         PROC          _INITIALUART0_TIMER1_TYPE3
  D:0004H         SYMBOL        u32Baudrate
  C:0CA3H         LINE#         157
  C:0CA3H         LINE#         158
  C:0CA3H         LINE#         159
  C:0CA6H         LINE#         160
  C:0CA9H         LINE#         162
  C:0CACH         LINE#         163
  C:0CAFH         LINE#         164
  C:0CB2H         LINE#         176
  C:0CCAH         LINE#         178
  C:0CCCH         LINE#         179
  -------         ENDPROC       _INITIALUART0_TIMER1_TYPE3
  -------         PROC          _INITIALUART0_TIMER1_TYPE4
  D:0004H         SYMBOL        u32Baudrate
  C:0CCDH         LINE#         184
  C:0CCDH         LINE#         185
  C:0CCDH         LINE#         186
  C:0CD0H         LINE#         187
  C:0CD3H         LINE#         189
  C:0CD6H         LINE#         190
  C:0CD9H         LINE#         191
  C:0CDCH         LINE#         203
  C:0CF4H         LINE#         205
  C:0CF6H         LINE#         206
  -------         ENDPROC       _INITIALUART0_TIMER1_TYPE4
  -------         PROC          _INITIALUART0_TIMER3_TYPE5
  D:0022H         SYMBOL        u32Baudrate
  C:085CH         LINE#         208
  C:0864H         LINE#         209
  C:0864H         LINE#         210
  C:0867H         LINE#         211
  C:086AH         LINE#         212
  C:086DH         LINE#         213
  C:0870H         LINE#         228
  C:0898H         LINE#         229
  C:08BDH         LINE#         231
  C:08C0H         LINE#         232
  -------         ENDPROC       _INITIALUART0_TIMER3_TYPE5
  -------         PROC          _INITIALUART0_TIMER3_TYPE6
  D:0026H         SYMBOL        u32Baudrate
BL51 BANKED LINKER/LOCATER V6.22.2.0                                                  02/28/2021  15:01:15  PAGE 9


  C:08C1H         LINE#         234
  C:08C9H         LINE#         235
  C:08C9H         LINE#         236
  C:08CCH         LINE#         237
  C:08CFH         LINE#         238
  C:08D2H         LINE#         239
  C:08D5H         LINE#         254
  C:08FDH         LINE#         255
  C:0922H         LINE#         257
  C:0925H         LINE#         258
  -------         ENDPROC       _INITIALUART0_TIMER3_TYPE6
  -------         PROC          _INITIALUART1_TIMER3
  D:002AH         SYMBOL        u32Baudrate
  C:0989H         LINE#         260
  C:0991H         LINE#         261
  C:0991H         LINE#         262
  C:0994H         LINE#         263
  C:0997H         LINE#         278
  C:09BFH         LINE#         279
  C:09E4H         LINE#         281
  C:09E7H         LINE#         282
  -------         ENDPROC       _INITIALUART1_TIMER3
  -------         PROC          RECEIVE_DATA_FROM_UART0
  -------         DO            
  D:0007H         SYMBOL        c
  -------         ENDDO         
  C:0DDCH         LINE#         294
  C:0DDCH         LINE#         295
  C:0DDCH         LINE#         298
  C:0DDFH         LINE#         299
  C:0DE1H         LINE#         300
  C:0DE3H         LINE#         301
  C:0DE3H         LINE#         302
  -------         ENDPROC       RECEIVE_DATA_FROM_UART0
  -------         PROC          _SEND_DATA_TO_UART0
  D:0007H         SYMBOL        c
  C:0DE4H         LINE#         314
  C:0DE4H         LINE#         315
  C:0DE4H         LINE#         316
  C:0DE6H         LINE#         317
  C:0DE8H         LINE#         318
  C:0DEBH         LINE#         319
  -------         ENDPROC       _SEND_DATA_TO_UART0
  -------         PROC          RECEIVE_DATA_FROM_UART1
  -------         DO            
  D:0007H         SYMBOL        c
  -------         ENDDO         
  C:0DECH         LINE#         331
  C:0DECH         LINE#         332
  C:0DECH         LINE#         335
  C:0DEFH         LINE#         336
  C:0DF1H         LINE#         337
  C:0DF3H         LINE#         338
  C:0DF3H         LINE#         339
  -------         ENDPROC       RECEIVE_DATA_FROM_UART1
  -------         PROC          _SEND_DATA_TO_UART1
  D:0007H         SYMBOL        c
BL51 BANKED LINKER/LOCATER V6.22.2.0                                                  02/28/2021  15:01:15  PAGE 10


  C:0DF4H         LINE#         351
  C:0DF4H         LINE#         352
  C:0DF4H         LINE#         353
  C:0DF6H         LINE#         354
  C:0DF8H         LINE#         355
  C:0DFBH         LINE#         356
  -------         ENDPROC       _SEND_DATA_TO_UART1
  -------         PROC          SET_ALL_GPIO_QUASI_MODE
  C:0D9BH         LINE#         358
  C:0D9BH         LINE#         359
  C:0D9BH         LINE#         360
  C:0D9EH         LINE#         361
  C:0DA0H         LINE#         362
  C:0DA2H         LINE#         363
  C:0DA4H         LINE#         364
  C:0DA6H         LINE#         365
  C:0DA8H         LINE#         366
  C:0DAAH         LINE#         367
  C:0DACH         LINE#         368
  -------         ENDPROC       SET_ALL_GPIO_QUASI_MODE
  -------         PROC          SW_RESET
  C:0D67H         LINE#         371
  C:0D67H         LINE#         372
  C:0D67H         LINE#         373
  C:0D6AH         LINE#         374
  C:0D6DH         LINE#         375
  C:0D80H         LINE#         376
  -------         ENDPROC       SW_RESET
  -------         PROC          FSYS_CLOCK_OUTPUT_ON_P26
  C:0DFCH         LINE#         378
  C:0DFCH         LINE#         379
  C:0DFCH         LINE#         380
  C:0DFFH         LINE#         381
  -------         ENDPROC       FSYS_CLOCK_OUTPUT_ON_P26
  -------         ENDMOD        COMMON

  -------         MODULE        DELAY
  C:0000H         SYMBOL        _ICE_DUMMY_
  D:0080H         PUBLIC        P0
  D:0090H         PUBLIC        P1
  D:00A0H         PUBLIC        P2
  D:00B0H         PUBLIC        P3
  D:008FH         PUBLIC        WKCON
  D:00D8H         PUBLIC        PWMCON0
  D:00A8H         PUBLIC        IE
  D:00B8H         PUBLIC        IP
  C:0B34H         PUBLIC        _Timer0_Delay1ms
  C:0B7FH         PUBLIC        _Timer1_Delay1ms
  C:0AE6H         PUBLIC        _Timer2_Delay1ms
  C:0A96H         PUBLIC        _Timer3_Delay1ms
  D:0098H         PUBLIC        SCON
  D:0089H         PUBLIC        TMOD
  D:0088H         PUBLIC        TCON
  C:0926H         PUBLIC        _?Random_Delay
  C:0D46H         PUBLIC        _Delay10us
  D:00F8H         PUBLIC        SCON_1
  B:0088H.5       PUBLIC        TF0
BL51 BANKED LINKER/LOCATER V6.22.2.0                                                  02/28/2021  15:01:15  PAGE 11


  B:0088H.7       PUBLIC        TF1
  B:00C8H.7       PUBLIC        TF2
  D:008CH         PUBLIC        TH0
  D:00C6H         PUBLIC        RH3
  D:008DH         PUBLIC        TH1
  D:00CDH         PUBLIC        TH2
  D:008AH         PUBLIC        TL0
  C:0A40H         PUBLIC        _WakeUp_Timer_Delay25ms
  D:00C5H         PUBLIC        RL3
  D:008BH         PUBLIC        TL1
  D:00CCH         PUBLIC        TL2
  B:0088H.4       PUBLIC        TR0
  B:0088H.6       PUBLIC        TR1
  B:00C8H.2       PUBLIC        TR2
  D:00E8H         PUBLIC        ADCCON0
  D:00C0H         PUBLIC        I2CON
  D:00C9H         PUBLIC        T2MOD
  D:00C8H         PUBLIC        T2CON
  D:00C4H         PUBLIC        T3CON
  D:008EH         PUBLIC        CKCON
  D:0086H         PUBLIC        RWK
  D:00D0H         PUBLIC        PSW
  -------         PROC          _?RANDOM_DELAY
  -------         DO            
  i:0000H         SYMBOL        u32CNT
  i:0004H         SYMBOL        u32Tmp
  -------         ENDDO         
  C:0926H         LINE#         48
  C:092CH         LINE#         52
  C:0946H         LINE#         53
  C:0946H         LINE#         54
  C:0967H         LINE#         55
  C:0982H         LINE#         56
  -------         ENDPROC       _?RANDOM_DELAY
  -------         PROC          _DELAY10US
  D:0006H         SYMBOL        u16CNT
  C:0D46H         LINE#         58
  C:0D46H         LINE#         59
  C:0D46H         LINE#         60
  C:0D49H         LINE#         61
  C:0D4CH         LINE#         62
  C:0D4EH         LINE#         63
  C:0D52H         LINE#         64
  C:0D52H         LINE#         65
  C:0D55H         LINE#         66
  C:0D58H         LINE#         67
  C:0D5BH         LINE#         68
  C:0D5DH         LINE#         69
  C:0D62H         LINE#         70
  C:0D64H         LINE#         71
  C:0D66H         LINE#         72
  -------         ENDPROC       _DELAY10US
  -------         PROC          _TIMER0_DELAY1MS
  D:002EH         SYMBOL        u32CNT
  C:0B34H         LINE#         74
  C:0B3CH         LINE#         75
  C:0B3CH         LINE#         76
BL51 BANKED LINKER/LOCATER V6.22.2.0                                                  02/28/2021  15:01:15  PAGE 12


  C:0B3FH         LINE#         77
  C:0B42H         LINE#         78
  C:0B44H         LINE#         79
  C:0B57H         LINE#         80
  C:0B57H         LINE#         81
  C:0B5AH         LINE#         82
  C:0B5DH         LINE#         83
  C:0B60H         LINE#         84
  C:0B62H         LINE#         85
  C:0B7AH         LINE#         86
  C:0B7CH         LINE#         87
  C:0B7EH         LINE#         88
  -------         ENDPROC       _TIMER0_DELAY1MS
  -------         PROC          _TIMER1_DELAY1MS
  D:0032H         SYMBOL        u32CNT
  C:0B7FH         LINE#         90
  C:0B87H         LINE#         91
  C:0B87H         LINE#         92
  C:0B8AH         LINE#         93
  C:0B8DH         LINE#         94
  C:0B8FH         LINE#         95
  C:0BA2H         LINE#         96
  C:0BA2H         LINE#         97
  C:0BA5H         LINE#         98
  C:0BA8H         LINE#         99
  C:0BABH         LINE#         100
  C:0BADH         LINE#         101
  C:0BC5H         LINE#         102
  C:0BC7H         LINE#         103
  C:0BC9H         LINE#         104
  -------         ENDPROC       _TIMER1_DELAY1MS
  -------         PROC          _TIMER2_DELAY1MS
  D:0036H         SYMBOL        u32CNT
  C:0AE6H         LINE#         106
  C:0AEEH         LINE#         107
  C:0AEEH         LINE#         109
  C:0AF1H         LINE#         110
  C:0AF4H         LINE#         111
  C:0AF7H         LINE#         112
  C:0AF9H         LINE#         113
  C:0B0CH         LINE#         114
  C:0B0CH         LINE#         115
  C:0B0FH         LINE#         116
  C:0B12H         LINE#         117
  C:0B15H         LINE#         118
  C:0B17H         LINE#         119
  C:0B2FH         LINE#         120
  C:0B31H         LINE#         121
  C:0B33H         LINE#         122
  -------         ENDPROC       _TIMER2_DELAY1MS
  -------         PROC          _TIMER3_DELAY1MS
  D:003AH         SYMBOL        u32CNT
  C:0A96H         LINE#         124
  C:0A9EH         LINE#         125
  C:0A9EH         LINE#         126
  C:0AA1H         LINE#         127
  C:0AA4H         LINE#         128
BL51 BANKED LINKER/LOCATER V6.22.2.0                                                  02/28/2021  15:01:15  PAGE 13


  C:0AB7H         LINE#         129
  C:0AB7H         LINE#         130
  C:0ABAH         LINE#         131
  C:0ABDH         LINE#         132
  C:0AC5H         LINE#         133
  C:0AC8H         LINE#         134
  C:0AE0H         LINE#         135
  C:0AE2H         LINE#         136
  C:0AE5H         LINE#         137
  -------         ENDPROC       _TIMER3_DELAY1MS
  -------         PROC          _WAKEUP_TIMER_DELAY25MS
  D:003EH         SYMBOL        u32CNT
  C:0A40H         LINE#         139
  C:0A48H         LINE#         140
  C:0A48H         LINE#         141
  C:0A4BH         LINE#         142
  C:0A4EH         LINE#         143
  C:0A51H         LINE#         145
  C:0A54H         LINE#         147
  C:0A57H         LINE#         148
  C:0A5AH         LINE#         149
  C:0A6DH         LINE#         150
  C:0A6DH         LINE#         151
  C:0A75H         LINE#         152
  C:0A78H         LINE#         153
  C:0A90H         LINE#         154
  C:0A92H         LINE#         155
  C:0A95H         LINE#         156
  -------         ENDPROC       _WAKEUP_TIMER_DELAY25MS
  -------         ENDMOD        DELAY

  -------         MODULE        VERSION
  C:0000H         SYMBOL        _ICE_DUMMY_
  D:0080H         PUBLIC        P0
  D:0090H         PUBLIC        P1
  D:00A0H         PUBLIC        P2
  D:00B0H         PUBLIC        P3
  D:00D8H         PUBLIC        PWMCON0
  D:00A8H         PUBLIC        IE
  D:00B8H         PUBLIC        IP
  D:0098H         PUBLIC        SCON
  D:0088H         PUBLIC        TCON
  D:00F8H         PUBLIC        SCON_1
  C:09E8H         PUBLIC        Show_FW_Version_Number_To_PC
  D:00E8H         PUBLIC        ADCCON0
  D:00C0H         PUBLIC        I2CON
  D:00C8H         PUBLIC        T2CON
  D:00D0H         PUBLIC        PSW
  -------         PROC          SHOW_FW_VERSION_NUMBER_TO_PC
  C:09E8H         LINE#         31
  C:09E8H         LINE#         32
  C:09E8H         LINE#         33
  C:09F1H         LINE#         34
  C:09FAH         LINE#         35
  C:0A03H         LINE#         36
  C:0A1BH         LINE#         37
  C:0A36H         LINE#         38
BL51 BANKED LINKER/LOCATER V6.22.2.0                                                  02/28/2021  15:01:15  PAGE 14


  C:0A3FH         LINE#         39
  -------         ENDPROC       SHOW_FW_VERSION_NUMBER_TO_PC
  -------         ENDMOD        VERSION

  -------         MODULE        ?C_STARTUP
  C:0D81H         SEGMENT       ?C_C51STARTUP
  I:0045H         SEGMENT       ?STACK
  C:0000H         PUBLIC        ?C_STARTUP
  D:00E0H         SYMBOL        ACC
  D:00F0H         SYMBOL        B
  D:0083H         SYMBOL        DPH
  D:0082H         SYMBOL        DPL
  N:0000H         SYMBOL        IBPSTACK
  N:0100H         SYMBOL        IBPSTACKTOP
  N:0080H         SYMBOL        IDATALEN
  C:0D84H         SYMBOL        IDATALOOP
  N:0000H         SYMBOL        PBPSTACK
  N:0000H         SYMBOL        PBPSTACKTOP
  N:0000H         SYMBOL        PDATALEN
  N:0000H         SYMBOL        PDATASTART
  N:0000H         SYMBOL        PPAGE
  N:0000H         SYMBOL        PPAGEENABLE
  D:00A0H         SYMBOL        PPAGE_SFR
  D:0081H         SYMBOL        SP
  C:0D81H         SYMBOL        STARTUP1
  N:0000H         SYMBOL        XBPSTACK
  N:0000H         SYMBOL        XBPSTACKTOP
  N:00FFH         SYMBOL        XDATALEN
  C:0D8FH         SYMBOL        XDATALOOP
  N:0000H         SYMBOL        XDATASTART
  C:0000H         LINE#         92
  C:0D81H         LINE#         99
  C:0D83H         LINE#         100
  C:0D84H         LINE#         101
  C:0D85H         LINE#         102
  C:0D87H         LINE#         106
  C:0D8AH         LINE#         107
  C:0D8CH         LINE#         109
  C:0D8EH         LINE#         113
  C:0D8FH         LINE#         114
  C:0D90H         LINE#         115
  C:0D91H         LINE#         116
  C:0D93H         LINE#         117
  C:0D95H         LINE#         151
  C:0D98H         LINE#         155
  -------         ENDMOD        ?C_STARTUP

  -------         MODULE        ?C?ULDIV
  C:039BH         PUBLIC        ?C?ULDIV
  -------         ENDMOD        ?C?ULDIV

  -------         MODULE        ?C?ULCMP
  C:042DH         PUBLIC        ?C?ULCMP
  -------         ENDMOD        ?C?ULCMP

  -------         MODULE        ?C?ULSHR
  C:043EH         PUBLIC        ?C?ULSHR
BL51 BANKED LINKER/LOCATER V6.22.2.0                                                  02/28/2021  15:01:15  PAGE 15


  -------         ENDMOD        ?C?ULSHR

  -------         MODULE        ?C?LLDIDATA
  C:0451H         PUBLIC        ?C?LLDIDATA
  -------         ENDMOD        ?C?LLDIDATA

  -------         MODULE        ?C?LLDIDATA0
  C:045DH         PUBLIC        ?C?LLDIDATA0
  -------         ENDMOD        ?C?LLDIDATA0

  -------         MODULE        ?C?LSTIDATA
  C:046AH         PUBLIC        ?C?LSTIDATA
  -------         ENDMOD        ?C?LSTIDATA

  -------         MODULE        ?C?LSTKIDATA
  C:0476H         PUBLIC        ?C?LSTKIDATA
  -------         ENDMOD        ?C?LSTKIDATA

  -------         MODULE        ?C_IBP
  D:0044H         PUBLIC        ?C_IBP
  -------         ENDMOD        ?C_IBP

  -------         MODULE        PRINTF
  D:0008H         PUBLIC        ?_PRINTF517?BYTE
  D:0008H         PUBLIC        ?_PRINTF?BYTE
  D:0008H         PUBLIC        ?_SPRINTF517?BYTE
  D:0008H         PUBLIC        ?_SPRINTF?BYTE
  C:0065H         PUBLIC        _PRINTF
  C:0065H         PUBLIC        _PRINTF517
  C:005FH         PUBLIC        _SPRINTF
  C:005FH         PUBLIC        _SPRINTF517
  -------         ENDMOD        PRINTF

  -------         MODULE        ?C?CLDPTR
  C:048FH         PUBLIC        ?C?CLDPTR
  -------         ENDMOD        ?C?CLDPTR

  -------         MODULE        ?C?CLDOPTR
  C:04A8H         PUBLIC        ?C?CLDOPTR
  -------         ENDMOD        ?C?CLDOPTR

  -------         MODULE        ?C?CSTPTR
  C:04D5H         PUBLIC        ?C?CSTPTR
  -------         ENDMOD        ?C?CSTPTR

  -------         MODULE        ?C?PLDIIDATA
  C:04E7H         PUBLIC        ?C?PLDIIDATA
  -------         ENDMOD        ?C?PLDIIDATA

  -------         MODULE        ?C?CCASE
  C:04F7H         PUBLIC        ?C?CCASE
  -------         ENDMOD        ?C?CCASE

  -------         MODULE        PUTCHAR
  C:0D1FH         PUBLIC        _PUTCHAR
  -------         ENDMOD        PUTCHAR

BL51 BANKED LINKER/LOCATER V6.22.2.0                                                  02/28/2021  15:01:15  PAGE 16


Program Size: data=69.2 xdata=0 code=3584
LINK/LOCATE RUN COMPLETE.  0 WARNING(S),  0 ERROR(S)
