BL51 BANKED LINKER/LOCATER V6.22.2.0                                                    02/25/2021  23:06:21  PAGE 1


BL51 BANKED LINKER/LOCATER V6.22.2.0, INVOKED BY:
C:\KEIL_V5\C51\BIN\BL51.EXE .\Objects\STARTUP.obj, .\Objects\Common.obj, .\Objects\Delay.obj, .\Objects\Version.obj, .\O
>> bjects\main.obj TO .\Objects\Prj PRINT (.\Listings\Prj.m51) RAMSIZE (256) DISABLEWARNING (16)


MEMORY MODEL: SMALL


INPUT MODULES INCLUDED:
  .\Objects\STARTUP.obj (?C_STARTUP)
  .\Objects\Common.obj (COMMON)
  .\Objects\Delay.obj (DELAY)
  .\Objects\Version.obj (VERSION)
  .\Objects\main.obj (MAIN)
  C:\KEIL_V5\C51\LIB\C51S.LIB (?C?ULDIV)
  C:\KEIL_V5\C51\LIB\C51S.LIB (?C?ULCMP)
  C:\KEIL_V5\C51\LIB\C51S.LIB (?C?ULSHR)
  C:\KEIL_V5\C51\LIB\C51S.LIB (?C?LLDIDATA)
  C:\KEIL_V5\C51\LIB\C51S.LIB (?C?LLDIDATA0)
  C:\KEIL_V5\C51\LIB\C51S.LIB (?C?LSTIDATA)
  C:\KEIL_V5\C51\LIB\C51S.LIB (?C?LSTKIDATA)
  C:\KEIL_V5\C51\LIB\C51S.LIB (?C_IBP)
  C:\KEIL_V5\C51\LIB\C51S.LIB (PRINTF)
  C:\KEIL_V5\C51\LIB\C51S.LIB (?C?CLDPTR)
  C:\KEIL_V5\C51\LIB\C51S.LIB (?C?CLDOPTR)
  C:\KEIL_V5\C51\LIB\C51S.LIB (?C?CSTPTR)
  C:\KEIL_V5\C51\LIB\C51S.LIB (?C?PLDIIDATA)
  C:\KEIL_V5\C51\LIB\C51S.LIB (?C?CCASE)
  C:\KEIL_V5\C51\LIB\C51S.LIB (PUTCHAR)


LINK MAP OF MODULE:  .\Objects\Prj (?C_STARTUP)


            TYPE    BASE      LENGTH    RELOCATION   SEGMENT NAME
            -----------------------------------------------------

            * * * * * * *   D A T A   M E M O R Y   * * * * * * *
            REG     0000H     0008H     ABSOLUTE     "REG BANK 0"
            DATA    0008H     0014H     UNIT         ?DT?PRINTF?PRINTF
            DATA    001CH     0004H     UNIT         ?DT?_INITIALUART0_TIMER3_TYPE5?COMMON
            BIT     0020H.0   0001H.1   UNIT         ?BI?PRINTF?PRINTF
            BIT     0021H.1   0000H.1   UNIT         ?BI?MAIN
                    0021H.2   0000H.6                *** GAP ***
            DATA    0022H     0004H     UNIT         ?DT?_INITIALUART0_TIMER3_TYPE6?COMMON
            DATA    0026H     0004H     UNIT         ?DT?_INITIALUART1_TIMER3?COMMON
            DATA    002AH     0004H     UNIT         ?DT?_TIMER1_DELAY1MS?DELAY
            DATA    002EH     0004H     UNIT         ?DT?_TIMER2_DELAY1MS?DELAY
            DATA    0032H     0004H     UNIT         ?DT?_TIMER3_DELAY1MS?DELAY
            DATA    0036H     0004H     UNIT         ?DT?_WAKEUP_TIMER_DELAY25MS?DELAY
            DATA    003AH     0004H     UNIT         _DATA_GROUP_
            DATA    003EH     0001H     UNIT         ?C?LIB_DATA
            IDATA   003FH     0001H     UNIT         ?STACK

            * * * * * * *   C O D E   M E M O R Y   * * * * * * *
            CODE    0000H     0003H     ABSOLUTE     
            CODE    0003H     002AH     UNIT         ?PR?_INITIALUART0_TIMER1_TYPE2?COMMON
            CODE    002DH     000DH     UNIT         ?PR?GPIO_CONFIG?MAIN
BL51 BANKED LINKER/LOCATER V6.22.2.0                                                  02/25/2021  23:06:21  PAGE 2


                    003AH     0001H                  *** GAP ***
            CODE    003BH     0003H     ABSOLUTE     
            CODE    003EH     035CH     UNIT         ?PR?PRINTF?PRINTF
            CODE    039AH     01BEH     UNIT         ?C?LIB_CODE
            CODE    0558H     01A5H     UNIT         ?PR?_SYSTEM_CLOCK_SELECT?COMMON
            CODE    06FDH     0112H     UNIT         ?CO?VERSION
            CODE    080FH     0065H     UNIT         ?PR?_INITIALUART0_TIMER3_TYPE5?COMMON
            CODE    0874H     0065H     UNIT         ?PR?_INITIALUART0_TIMER3_TYPE6?COMMON
            CODE    08D9H     0063H     UNIT         ?PR?_?RANDOM_DELAY?DELAY
            CODE    093CH     005FH     UNIT         ?PR?_INITIALUART1_TIMER3?COMMON
            CODE    099BH     0058H     UNIT         ?PR?SHOW_FW_VERSION_NUMBER_TO_PC?VERSION
            CODE    09F3H     0056H     UNIT         ?PR?_WAKEUP_TIMER_DELAY25MS?DELAY
            CODE    0A49H     0050H     UNIT         ?PR?_TIMER3_DELAY1MS?DELAY
            CODE    0A99H     004EH     UNIT         ?PR?_TIMER2_DELAY1MS?DELAY
            CODE    0AE7H     004BH     UNIT         ?PR?_TIMER0_DELAY1MS?DELAY
            CODE    0B32H     004BH     UNIT         ?PR?_TIMER1_DELAY1MS?DELAY
            CODE    0B7DH     002AH     UNIT         ?PR?_INITIALUART0_TIMER1_TYPE3?COMMON
            CODE    0BA7H     002AH     UNIT         ?PR?_INITIALUART0_TIMER1_TYPE4?COMMON
            CODE    0BD1H     0028H     UNIT         ?PR?_INITIALUART0_TIMER1_TYPE1?COMMON
            CODE    0BF9H     0027H     UNIT         ?PR?PUTCHAR?PUTCHAR
            CODE    0C20H     0021H     UNIT         ?PR?_DELAY10US?DELAY
            CODE    0C41H     001BH     UNIT         ?PR?MAIN?MAIN
            CODE    0C5CH     001AH     UNIT         ?PR?SW_RESET?COMMON
            CODE    0C76H     0012H     UNIT         ?PR?SET_ALL_GPIO_QUASI_MODE?COMMON
            CODE    0C88H     000CH     UNIT         ?C_C51STARTUP
            CODE    0C94H     000CH     UNIT         ?PR?EXTI_CONFIG?MAIN
            CODE    0CA0H     0008H     UNIT         ?PR?RECEIVE_DATA_FROM_UART0?COMMON
            CODE    0CA8H     0008H     UNIT         ?PR?_SEND_DATA_TO_UART0?COMMON
            CODE    0CB0H     0008H     UNIT         ?PR?RECEIVE_DATA_FROM_UART1?COMMON
            CODE    0CB8H     0008H     UNIT         ?PR?_SEND_DATA_TO_UART1?COMMON
            CODE    0CC0H     0006H     UNIT         ?PR?PIN_ISR?MAIN
            CODE    0CC6H     0004H     UNIT         ?PR?FSYS_CLOCK_OUTPUT_ON_P26?COMMON



OVERLAY MAP OF MODULE:   .\Objects\Prj (?C_STARTUP)


SEGMENT                                            DATA_GROUP 
  +--> CALLED SEGMENT                            START    LENGTH
----------------------------------------------------------------
?C_C51STARTUP                                    -----    -----
  +--> ?PR?MAIN?MAIN

?PR?MAIN?MAIN                                    -----    -----
  +--> ?PR?_SYSTEM_CLOCK_SELECT?COMMON
  +--> ?PR?GPIO_CONFIG?MAIN
  +--> ?PR?EXTI_CONFIG?MAIN
  +--> ?PR?_TIMER0_DELAY1MS?DELAY

?PR?_TIMER0_DELAY1MS?DELAY                       003AH    0004H



SYMBOL TABLE OF MODULE:  .\Objects\Prj (?C_STARTUP)

  VALUE           TYPE          NAME
BL51 BANKED LINKER/LOCATER V6.22.2.0                                                  02/25/2021  23:06:21  PAGE 3


  ----------------------------------

  -------         MODULE        ?C_STARTUP
  C:0C88H         SEGMENT       ?C_C51STARTUP
  I:003FH         SEGMENT       ?STACK
  C:0000H         PUBLIC        ?C_STARTUP
  D:00E0H         SYMBOL        ACC
  D:00F0H         SYMBOL        B
  D:0083H         SYMBOL        DPH
  D:0082H         SYMBOL        DPL
  N:0000H         SYMBOL        IBPSTACK
  N:0100H         SYMBOL        IBPSTACKTOP
  N:0080H         SYMBOL        IDATALEN
  C:0C8BH         SYMBOL        IDATALOOP
  N:0000H         SYMBOL        PBPSTACK
  N:0100H         SYMBOL        PBPSTACKTOP
  N:0000H         SYMBOL        PDATALEN
  N:0000H         SYMBOL        PDATASTART
  N:0000H         SYMBOL        PPAGE
  N:0000H         SYMBOL        PPAGEENABLE
  D:00A0H         SYMBOL        PPAGE_SFR
  D:0081H         SYMBOL        SP
  C:0C88H         SYMBOL        STARTUP1
  N:0000H         SYMBOL        XBPSTACK
  N:0000H         SYMBOL        XBPSTACKTOP
  N:0000H         SYMBOL        XDATALEN
  N:0000H         SYMBOL        XDATASTART
  C:0000H         LINE#         126
  C:0C88H         LINE#         133
  C:0C8AH         LINE#         134
  C:0C8BH         LINE#         135
  C:0C8CH         LINE#         136
  C:0C8EH         LINE#         185
  C:0C91H         LINE#         196
  -------         ENDMOD        ?C_STARTUP

  -------         MODULE        COMMON
  C:0000H         SYMBOL        _ICE_DUMMY_
  D:00B1H         PUBLIC        P0M1
  D:00B3H         PUBLIC        P1M1
  D:00B2H         PUBLIC        P0M2
  D:0080H         PUBLIC        P0
  D:00B5H         PUBLIC        P2M1
  D:00B4H         PUBLIC        P1M2
  D:0090H         PUBLIC        P1
  D:00B6H         PUBLIC        P2M2
  D:00ACH         PUBLIC        P3M1
  D:00A0H         PUBLIC        P2
  D:00B0H         PUBLIC        P3
  D:00ADH         PUBLIC        P3M2
  B:00A8H.7       PUBLIC        EA
  D:00D8H         PUBLIC        PWMCON0
  C:0C76H         PUBLIC        Set_All_GPIO_Quasi_Mode
  C:0BD1H         PUBLIC        _InitialUART0_Timer1_Type1
  C:0003H         PUBLIC        _InitialUART0_Timer1_Type2
  C:0B7DH         PUBLIC        _InitialUART0_Timer1_Type3
  C:0BA7H         PUBLIC        _InitialUART0_Timer1_Type4
BL51 BANKED LINKER/LOCATER V6.22.2.0                                                  02/25/2021  23:06:21  PAGE 4


  D:00A8H         PUBLIC        IE
  D:0096H         PUBLIC        CKSWT
  C:080FH         PUBLIC        _InitialUART0_Timer3_Type5
  C:0C5CH         PUBLIC        SW_Reset
  C:0874H         PUBLIC        _InitialUART0_Timer3_Type6
  D:00C7H         PUBLIC        TA
  D:00B8H         PUBLIC        IP
  B:0098H.0       PUBLIC        RI
  C:0558H         PUBLIC        _System_Clock_Select
  B:0098H.1       PUBLIC        TI
  D:0097H         PUBLIC        CKEN
  C:0CC6H         PUBLIC        Fsys_Clock_Output_On_P26
  B:00F8H.0       PUBLIC        RI_1
  B:00F8H.1       PUBLIC        TI_1
  D:0099H         PUBLIC        SBUF
  D:0087H         PUBLIC        PCON
  D:0098H         PUBLIC        SCON
  D:0089H         PUBLIC        TMOD
  D:0088H         PUBLIC        TCON
  D:009FH         PUBLIC        CHPCON
  D:009AH         PUBLIC        SBUF_1
  D:00F8H         PUBLIC        SCON_1
  D:00C6H         PUBLIC        RH3
  D:008DH         PUBLIC        TH1
  D:00C5H         PUBLIC        RL3
  C:093CH         PUBLIC        _InitialUART1_Timer3
  B:0088H.6       PUBLIC        TR1
  D:00E8H         PUBLIC        ADCCON0
  C:0CA8H         PUBLIC        _Send_Data_To_UART0
  C:0CB8H         PUBLIC        _Send_Data_To_UART1
  D:00C0H         PUBLIC        I2CON
  D:00C8H         PUBLIC        T2CON
  D:00C4H         PUBLIC        T3CON
  C:0CA0H         PUBLIC        Receive_Data_From_UART0
  C:0CB0H         PUBLIC        Receive_Data_From_UART1
  D:008EH         PUBLIC        CKCON
  D:00D0H         PUBLIC        PSW
  -------         PROC          _SYSTEM_CLOCK_SELECT
  D:0007H         SYMBOL        clock
  C:0558H         LINE#         25
  C:0558H         LINE#         26
  C:0558H         LINE#         27
  C:0575H         LINE#         28
  C:0575H         LINE#         29
  C:0575H         LINE#         30
  C:0575H         LINE#         32
  C:0588H         LINE#         33
  C:059BH         LINE#         36
  C:05A1H         LINE#         39
  C:05B4H         LINE#         40
  C:05C7H         LINE#         41
  C:05CAH         LINE#         43
  C:05CAH         LINE#         44
  C:05CAH         LINE#         46
  C:05DDH         LINE#         47
  C:05F0H         LINE#         50
  C:05F6H         LINE#         53
BL51 BANKED LINKER/LOCATER V6.22.2.0                                                  02/25/2021  23:06:21  PAGE 5


  C:0609H         LINE#         54
  C:061CH         LINE#         55
  C:061FH         LINE#         57
  C:061FH         LINE#         58
  C:061FH         LINE#         60
  C:0632H         LINE#         61
  C:0645H         LINE#         64
  C:064BH         LINE#         67
  C:065EH         LINE#         68
  C:0671H         LINE#         69
  C:0674H         LINE#         71
  C:0674H         LINE#         72
  C:0674H         LINE#         74
  C:0687H         LINE#         77
  C:068DH         LINE#         80
  C:06A0H         LINE#         81
  C:06B3H         LINE#         82
  C:06B5H         LINE#         84
  C:06B5H         LINE#         85
  C:06B5H         LINE#         87
  C:06C8H         LINE#         90
  C:06CEH         LINE#         93
  C:06E1H         LINE#         94
  C:06F4H         LINE#         95
  C:06F4H         LINE#         96
  C:06F4H         LINE#         98
  C:06FCH         LINE#         99
  -------         ENDPROC       _SYSTEM_CLOCK_SELECT
  -------         PROC          _INITIALUART0_TIMER1_TYPE1
  D:0004H         SYMBOL        u32Baudrate
  C:0BD1H         LINE#         103
  C:0BD1H         LINE#         104
  C:0BD1H         LINE#         105
  C:0BD4H         LINE#         106
  C:0BD7H         LINE#         108
  C:0BDAH         LINE#         109
  C:0BDDH         LINE#         110
  C:0BE0H         LINE#         122
  C:0BF6H         LINE#         124
  C:0BF8H         LINE#         125
  -------         ENDPROC       _INITIALUART0_TIMER1_TYPE1
  -------         PROC          _INITIALUART0_TIMER1_TYPE2
  D:0004H         SYMBOL        u32Baudrate
  C:0003H         LINE#         130
  C:0003H         LINE#         131
  C:0003H         LINE#         132
  C:0006H         LINE#         133
  C:0009H         LINE#         135
  C:000CH         LINE#         136
  C:000FH         LINE#         137
  C:0012H         LINE#         149
  C:002AH         LINE#         151
  C:002CH         LINE#         152
  -------         ENDPROC       _INITIALUART0_TIMER1_TYPE2
  -------         PROC          _INITIALUART0_TIMER1_TYPE3
  D:0004H         SYMBOL        u32Baudrate
  C:0B7DH         LINE#         157
BL51 BANKED LINKER/LOCATER V6.22.2.0                                                  02/25/2021  23:06:21  PAGE 6


  C:0B7DH         LINE#         158
  C:0B7DH         LINE#         159
  C:0B80H         LINE#         160
  C:0B83H         LINE#         162
  C:0B86H         LINE#         163
  C:0B89H         LINE#         164
  C:0B8CH         LINE#         176
  C:0BA4H         LINE#         178
  C:0BA6H         LINE#         179
  -------         ENDPROC       _INITIALUART0_TIMER1_TYPE3
  -------         PROC          _INITIALUART0_TIMER1_TYPE4
  D:0004H         SYMBOL        u32Baudrate
  C:0BA7H         LINE#         184
  C:0BA7H         LINE#         185
  C:0BA7H         LINE#         186
  C:0BAAH         LINE#         187
  C:0BADH         LINE#         189
  C:0BB0H         LINE#         190
  C:0BB3H         LINE#         191
  C:0BB6H         LINE#         203
  C:0BCEH         LINE#         205
  C:0BD0H         LINE#         206
  -------         ENDPROC       _INITIALUART0_TIMER1_TYPE4
  -------         PROC          _INITIALUART0_TIMER3_TYPE5
  D:001CH         SYMBOL        u32Baudrate
  C:080FH         LINE#         208
  C:0817H         LINE#         209
  C:0817H         LINE#         210
  C:081AH         LINE#         211
  C:081DH         LINE#         212
  C:0820H         LINE#         213
  C:0823H         LINE#         228
  C:084BH         LINE#         229
  C:0870H         LINE#         231
  C:0873H         LINE#         232
  -------         ENDPROC       _INITIALUART0_TIMER3_TYPE5
  -------         PROC          _INITIALUART0_TIMER3_TYPE6
  D:0022H         SYMBOL        u32Baudrate
  C:0874H         LINE#         234
  C:087CH         LINE#         235
  C:087CH         LINE#         236
  C:087FH         LINE#         237
  C:0882H         LINE#         238
  C:0885H         LINE#         239
  C:0888H         LINE#         254
  C:08B0H         LINE#         255
  C:08D5H         LINE#         257
  C:08D8H         LINE#         258
  -------         ENDPROC       _INITIALUART0_TIMER3_TYPE6
  -------         PROC          _INITIALUART1_TIMER3
  D:0026H         SYMBOL        u32Baudrate
  C:093CH         LINE#         260
  C:0944H         LINE#         261
  C:0944H         LINE#         262
  C:0947H         LINE#         263
  C:094AH         LINE#         278
  C:0972H         LINE#         279
BL51 BANKED LINKER/LOCATER V6.22.2.0                                                  02/25/2021  23:06:21  PAGE 7


  C:0997H         LINE#         281
  C:099AH         LINE#         282
  -------         ENDPROC       _INITIALUART1_TIMER3
  -------         PROC          RECEIVE_DATA_FROM_UART0
  -------         DO            
  D:0007H         SYMBOL        c
  -------         ENDDO         
  C:0CA0H         LINE#         294
  C:0CA0H         LINE#         295
  C:0CA0H         LINE#         298
  C:0CA3H         LINE#         299
  C:0CA5H         LINE#         300
  C:0CA7H         LINE#         301
  C:0CA7H         LINE#         302
  -------         ENDPROC       RECEIVE_DATA_FROM_UART0
  -------         PROC          _SEND_DATA_TO_UART0
  D:0007H         SYMBOL        c
  C:0CA8H         LINE#         314
  C:0CA8H         LINE#         315
  C:0CA8H         LINE#         316
  C:0CAAH         LINE#         317
  C:0CACH         LINE#         318
  C:0CAFH         LINE#         319
  -------         ENDPROC       _SEND_DATA_TO_UART0
  -------         PROC          RECEIVE_DATA_FROM_UART1
  -------         DO            
  D:0007H         SYMBOL        c
  -------         ENDDO         
  C:0CB0H         LINE#         331
  C:0CB0H         LINE#         332
  C:0CB0H         LINE#         335
  C:0CB3H         LINE#         336
  C:0CB5H         LINE#         337
  C:0CB7H         LINE#         338
  C:0CB7H         LINE#         339
  -------         ENDPROC       RECEIVE_DATA_FROM_UART1
  -------         PROC          _SEND_DATA_TO_UART1
  D:0007H         SYMBOL        c
  C:0CB8H         LINE#         351
  C:0CB8H         LINE#         352
  C:0CB8H         LINE#         353
  C:0CBAH         LINE#         354
  C:0CBCH         LINE#         355
  C:0CBFH         LINE#         356
  -------         ENDPROC       _SEND_DATA_TO_UART1
  -------         PROC          SET_ALL_GPIO_QUASI_MODE
  C:0C76H         LINE#         358
  C:0C76H         LINE#         359
  C:0C76H         LINE#         360
  C:0C79H         LINE#         361
  C:0C7BH         LINE#         362
  C:0C7DH         LINE#         363
  C:0C7FH         LINE#         364
  C:0C81H         LINE#         365
  C:0C83H         LINE#         366
  C:0C85H         LINE#         367
  C:0C87H         LINE#         368
BL51 BANKED LINKER/LOCATER V6.22.2.0                                                  02/25/2021  23:06:21  PAGE 8


  -------         ENDPROC       SET_ALL_GPIO_QUASI_MODE
  -------         PROC          SW_RESET
  C:0C5CH         LINE#         371
  C:0C5CH         LINE#         372
  C:0C5CH         LINE#         373
  C:0C5FH         LINE#         374
  C:0C62H         LINE#         375
  C:0C75H         LINE#         376
  -------         ENDPROC       SW_RESET
  -------         PROC          FSYS_CLOCK_OUTPUT_ON_P26
  C:0CC6H         LINE#         378
  C:0CC6H         LINE#         379
  C:0CC6H         LINE#         380
  C:0CC9H         LINE#         381
  -------         ENDPROC       FSYS_CLOCK_OUTPUT_ON_P26
  -------         ENDMOD        COMMON

  -------         MODULE        DELAY
  C:0000H         SYMBOL        _ICE_DUMMY_
  D:0080H         PUBLIC        P0
  D:0090H         PUBLIC        P1
  D:00A0H         PUBLIC        P2
  D:00B0H         PUBLIC        P3
  D:008FH         PUBLIC        WKCON
  D:00D8H         PUBLIC        PWMCON0
  D:00A8H         PUBLIC        IE
  D:00B8H         PUBLIC        IP
  C:0AE7H         PUBLIC        _Timer0_Delay1ms
  C:0B32H         PUBLIC        _Timer1_Delay1ms
  C:0A99H         PUBLIC        _Timer2_Delay1ms
  C:0A49H         PUBLIC        _Timer3_Delay1ms
  D:0098H         PUBLIC        SCON
  D:0089H         PUBLIC        TMOD
  D:0088H         PUBLIC        TCON
  C:08D9H         PUBLIC        _?Random_Delay
  C:0C20H         PUBLIC        _Delay10us
  D:00F8H         PUBLIC        SCON_1
  B:0088H.5       PUBLIC        TF0
  B:0088H.7       PUBLIC        TF1
  B:00C8H.7       PUBLIC        TF2
  D:008CH         PUBLIC        TH0
  D:00C6H         PUBLIC        RH3
  D:008DH         PUBLIC        TH1
  D:00CDH         PUBLIC        TH2
  D:008AH         PUBLIC        TL0
  C:09F3H         PUBLIC        _WakeUp_Timer_Delay25ms
  D:00C5H         PUBLIC        RL3
  D:008BH         PUBLIC        TL1
  D:00CCH         PUBLIC        TL2
  B:0088H.4       PUBLIC        TR0
  B:0088H.6       PUBLIC        TR1
  B:00C8H.2       PUBLIC        TR2
  D:00E8H         PUBLIC        ADCCON0
  D:00C0H         PUBLIC        I2CON
  D:00C9H         PUBLIC        T2MOD
  D:00C8H         PUBLIC        T2CON
  D:00C4H         PUBLIC        T3CON
BL51 BANKED LINKER/LOCATER V6.22.2.0                                                  02/25/2021  23:06:21  PAGE 9


  D:008EH         PUBLIC        CKCON
  D:0086H         PUBLIC        RWK
  D:00D0H         PUBLIC        PSW
  -------         PROC          _?RANDOM_DELAY
  -------         DO            
  i:0000H         SYMBOL        u32CNT
  i:0004H         SYMBOL        u32Tmp
  -------         ENDDO         
  C:08D9H         LINE#         48
  C:08DFH         LINE#         52
  C:08F9H         LINE#         53
  C:08F9H         LINE#         54
  C:091AH         LINE#         55
  C:0935H         LINE#         56
  -------         ENDPROC       _?RANDOM_DELAY
  -------         PROC          _DELAY10US
  D:0006H         SYMBOL        u16CNT
  C:0C20H         LINE#         58
  C:0C20H         LINE#         59
  C:0C20H         LINE#         60
  C:0C23H         LINE#         61
  C:0C26H         LINE#         62
  C:0C28H         LINE#         63
  C:0C2CH         LINE#         64
  C:0C2CH         LINE#         65
  C:0C2FH         LINE#         66
  C:0C32H         LINE#         67
  C:0C35H         LINE#         68
  C:0C37H         LINE#         69
  C:0C3CH         LINE#         70
  C:0C3EH         LINE#         71
  C:0C40H         LINE#         72
  -------         ENDPROC       _DELAY10US
  -------         PROC          _TIMER0_DELAY1MS
  D:003AH         SYMBOL        u32CNT
  C:0AE7H         LINE#         74
  C:0AEFH         LINE#         75
  C:0AEFH         LINE#         76
  C:0AF2H         LINE#         77
  C:0AF5H         LINE#         78
  C:0AF7H         LINE#         79
  C:0B0AH         LINE#         80
  C:0B0AH         LINE#         81
  C:0B0DH         LINE#         82
  C:0B10H         LINE#         83
  C:0B13H         LINE#         84
  C:0B15H         LINE#         85
  C:0B2DH         LINE#         86
  C:0B2FH         LINE#         87
  C:0B31H         LINE#         88
  -------         ENDPROC       _TIMER0_DELAY1MS
  -------         PROC          _TIMER1_DELAY1MS
  D:002AH         SYMBOL        u32CNT
  C:0B32H         LINE#         90
  C:0B3AH         LINE#         91
  C:0B3AH         LINE#         92
  C:0B3DH         LINE#         93
BL51 BANKED LINKER/LOCATER V6.22.2.0                                                  02/25/2021  23:06:21  PAGE 10


  C:0B40H         LINE#         94
  C:0B42H         LINE#         95
  C:0B55H         LINE#         96
  C:0B55H         LINE#         97
  C:0B58H         LINE#         98
  C:0B5BH         LINE#         99
  C:0B5EH         LINE#         100
  C:0B60H         LINE#         101
  C:0B78H         LINE#         102
  C:0B7AH         LINE#         103
  C:0B7CH         LINE#         104
  -------         ENDPROC       _TIMER1_DELAY1MS
  -------         PROC          _TIMER2_DELAY1MS
  D:002EH         SYMBOL        u32CNT
  C:0A99H         LINE#         106
  C:0AA1H         LINE#         107
  C:0AA1H         LINE#         109
  C:0AA4H         LINE#         110
  C:0AA7H         LINE#         111
  C:0AAAH         LINE#         112
  C:0AACH         LINE#         113
  C:0ABFH         LINE#         114
  C:0ABFH         LINE#         115
  C:0AC2H         LINE#         116
  C:0AC5H         LINE#         117
  C:0AC8H         LINE#         118
  C:0ACAH         LINE#         119
  C:0AE2H         LINE#         120
  C:0AE4H         LINE#         121
  C:0AE6H         LINE#         122
  -------         ENDPROC       _TIMER2_DELAY1MS
  -------         PROC          _TIMER3_DELAY1MS
  D:0032H         SYMBOL        u32CNT
  C:0A49H         LINE#         124
  C:0A51H         LINE#         125
  C:0A51H         LINE#         126
  C:0A54H         LINE#         127
  C:0A57H         LINE#         128
  C:0A6AH         LINE#         129
  C:0A6AH         LINE#         130
  C:0A6DH         LINE#         131
  C:0A70H         LINE#         132
  C:0A78H         LINE#         133
  C:0A7BH         LINE#         134
  C:0A93H         LINE#         135
  C:0A95H         LINE#         136
  C:0A98H         LINE#         137
  -------         ENDPROC       _TIMER3_DELAY1MS
  -------         PROC          _WAKEUP_TIMER_DELAY25MS
  D:0036H         SYMBOL        u32CNT
  C:09F3H         LINE#         139
  C:09FBH         LINE#         140
  C:09FBH         LINE#         141
  C:09FEH         LINE#         142
  C:0A01H         LINE#         143
  C:0A04H         LINE#         145
  C:0A07H         LINE#         147
BL51 BANKED LINKER/LOCATER V6.22.2.0                                                  02/25/2021  23:06:21  PAGE 11


  C:0A0AH         LINE#         148
  C:0A0DH         LINE#         149
  C:0A20H         LINE#         150
  C:0A20H         LINE#         151
  C:0A28H         LINE#         152
  C:0A2BH         LINE#         153
  C:0A43H         LINE#         154
  C:0A45H         LINE#         155
  C:0A48H         LINE#         156
  -------         ENDPROC       _WAKEUP_TIMER_DELAY25MS
  -------         ENDMOD        DELAY

  -------         MODULE        VERSION
  C:0000H         SYMBOL        _ICE_DUMMY_
  D:0080H         PUBLIC        P0
  D:0090H         PUBLIC        P1
  D:00A0H         PUBLIC        P2
  D:00B0H         PUBLIC        P3
  D:00D8H         PUBLIC        PWMCON0
  D:00A8H         PUBLIC        IE
  D:00B8H         PUBLIC        IP
  D:0098H         PUBLIC        SCON
  D:0088H         PUBLIC        TCON
  D:00F8H         PUBLIC        SCON_1
  C:099BH         PUBLIC        Show_FW_Version_Number_To_PC
  D:00E8H         PUBLIC        ADCCON0
  D:00C0H         PUBLIC        I2CON
  D:00C8H         PUBLIC        T2CON
  D:00D0H         PUBLIC        PSW
  -------         PROC          SHOW_FW_VERSION_NUMBER_TO_PC
  C:099BH         LINE#         31
  C:099BH         LINE#         32
  C:099BH         LINE#         33
  C:09A4H         LINE#         34
  C:09ADH         LINE#         35
  C:09B6H         LINE#         36
  C:09CEH         LINE#         37
  C:09E9H         LINE#         38
  C:09F2H         LINE#         39
  -------         ENDPROC       SHOW_FW_VERSION_NUMBER_TO_PC
  -------         ENDMOD        VERSION

  -------         MODULE        MAIN
  C:0000H         SYMBOL        _ICE_DUMMY_
  D:00B1H         PUBLIC        P0M1
  D:00B2H         PUBLIC        P0M2
  D:0080H         PUBLIC        P0
  D:0090H         PUBLIC        P1
  D:00ACH         PUBLIC        P3M1
  D:00A0H         PUBLIC        P2
  D:00B0H         PUBLIC        P3
  D:00ADH         PUBLIC        P3M2
  B:00A8H.7       PUBLIC        EA
  D:00D8H         PUBLIC        PWMCON0
  D:00A8H         PUBLIC        IE
  D:00B8H         PUBLIC        IP
  C:0C41H         PUBLIC        main
BL51 BANKED LINKER/LOCATER V6.22.2.0                                                  02/25/2021  23:06:21  PAGE 12


  B:0021H.1       PUBLIC        BIT_TMP
  B:0080H.3       PUBLIC        P03
  D:0098H         PUBLIC        SCON
  D:0088H         PUBLIC        TCON
  C:0CC0H         PUBLIC        PIN_ISR
  D:00F8H         PUBLIC        SCON_1
  D:009BH         PUBLIC        EIE
  D:00E8H         PUBLIC        ADCCON0
  D:00C0H         PUBLIC        I2CON
  D:00ECH         PUBLIC        PIF
  D:00C8H         PUBLIC        T2CON
  C:002DH         PUBLIC        GPIO_Config
  C:0C94H         PUBLIC        EXTI_Config
  D:00E9H         PUBLIC        PICON
  D:00D0H         PUBLIC        PSW
  D:00EAH         PUBLIC        PINEN
  -------         PROC          PIN_ISR
  C:0CC0H         LINE#         11
  C:0CC0H         LINE#         13
  C:0CC3H         LINE#         15
  C:0CC5H         LINE#         16
  -------         ENDPROC       PIN_ISR
  -------         PROC          GPIO_CONFIG
  C:002DH         LINE#         17
  C:002DH         LINE#         18
  C:002DH         LINE#         19
  C:0033H         LINE#         20
  C:0039H         LINE#         21
  -------         ENDPROC       GPIO_CONFIG
  -------         PROC          EXTI_CONFIG
  C:0C94H         LINE#         22
  C:0C94H         LINE#         23
  C:0C94H         LINE#         24
  C:0C96H         LINE#         25
  C:0C99H         LINE#         26
  C:0C9CH         LINE#         27
  C:0C9FH         LINE#         29
  -------         ENDPROC       EXTI_CONFIG
  -------         PROC          MAIN
  C:0C41H         LINE#         30
  C:0C41H         LINE#         31
  C:0C41H         LINE#         32
  C:0C46H         LINE#         33
  C:0C49H         LINE#         34
  C:0C4CH         LINE#         36
  C:0C4CH         LINE#         37
  C:0C4CH         LINE#         38
  C:0C57H         LINE#         39
  C:0C59H         LINE#         40
  -------         ENDPROC       MAIN
  -------         ENDMOD        MAIN

  -------         MODULE        ?C?ULDIV
  C:03D6H         PUBLIC        ?C?ULDIV
  -------         ENDMOD        ?C?ULDIV

  -------         MODULE        ?C?ULCMP
BL51 BANKED LINKER/LOCATER V6.22.2.0                                                  02/25/2021  23:06:21  PAGE 13


  C:0468H         PUBLIC        ?C?ULCMP
  -------         ENDMOD        ?C?ULCMP

  -------         MODULE        ?C?ULSHR
  C:0479H         PUBLIC        ?C?ULSHR
  -------         ENDMOD        ?C?ULSHR

  -------         MODULE        ?C?LLDIDATA
  C:048CH         PUBLIC        ?C?LLDIDATA
  -------         ENDMOD        ?C?LLDIDATA

  -------         MODULE        ?C?LLDIDATA0
  C:0498H         PUBLIC        ?C?LLDIDATA0
  -------         ENDMOD        ?C?LLDIDATA0

  -------         MODULE        ?C?LSTIDATA
  C:04A5H         PUBLIC        ?C?LSTIDATA
  -------         ENDMOD        ?C?LSTIDATA

  -------         MODULE        ?C?LSTKIDATA
  C:04B1H         PUBLIC        ?C?LSTKIDATA
  -------         ENDMOD        ?C?LSTKIDATA

  -------         MODULE        ?C_IBP
  D:003EH         PUBLIC        ?C_IBP
  -------         ENDMOD        ?C_IBP

  -------         MODULE        PRINTF
  D:0008H         PUBLIC        ?_PRINTF517?BYTE
  D:0008H         PUBLIC        ?_PRINTF?BYTE
  D:0008H         PUBLIC        ?_SPRINTF517?BYTE
  D:0008H         PUBLIC        ?_SPRINTF?BYTE
  C:00A0H         PUBLIC        _PRINTF
  C:00A0H         PUBLIC        _PRINTF517
  C:009AH         PUBLIC        _SPRINTF
  C:009AH         PUBLIC        _SPRINTF517
  -------         ENDMOD        PRINTF

  -------         MODULE        ?C?CLDPTR
  C:04CAH         PUBLIC        ?C?CLDPTR
  -------         ENDMOD        ?C?CLDPTR

  -------         MODULE        ?C?CLDOPTR
  C:04E3H         PUBLIC        ?C?CLDOPTR
  -------         ENDMOD        ?C?CLDOPTR

  -------         MODULE        ?C?CSTPTR
  C:0510H         PUBLIC        ?C?CSTPTR
  -------         ENDMOD        ?C?CSTPTR

  -------         MODULE        ?C?PLDIIDATA
  C:0522H         PUBLIC        ?C?PLDIIDATA
  -------         ENDMOD        ?C?PLDIIDATA

  -------         MODULE        ?C?CCASE
  C:0532H         PUBLIC        ?C?CCASE
  -------         ENDMOD        ?C?CCASE
BL51 BANKED LINKER/LOCATER V6.22.2.0                                                  02/25/2021  23:06:21  PAGE 14



  -------         MODULE        PUTCHAR
  C:0BF9H         PUBLIC        _PUTCHAR
  -------         ENDMOD        PUTCHAR

Program Size: data=63.2 xdata=0 code=3273
LINK/LOCATE RUN COMPLETE.  0 WARNING(S),  0 ERROR(S)
