BL51 BANKED LINKER/LOCATER V6.22.2.0                                                    02/25/2021  22:29:57  PAGE 1


BL51 BANKED LINKER/LOCATER V6.22.2.0, INVOKED BY:
C:\KEIL_V5\C51\BIN\BL51.EXE .\Objects\STARTUP.obj, .\Objects\Common.obj, .\Objects\Delay.obj, .\Objects\Version.obj, .\O
>> bjects\main.obj TO .\Objects\Prj PRINT (.\Listings\Prj.m51) RAMSIZE (256) DISABLEWARNING (16)


MEMORY MODEL: SMALL


INPUT MODULES INCLUDED:
  .\Objects\STARTUP.obj (?C_STARTUP)
  .\Objects\Common.obj (COMMON)
  .\Objects\Delay.obj (DELAY)
  .\Objects\Version.obj (VERSION)
  .\Objects\main.obj (MAIN)
  C:\KEIL_V5\C51\LIB\C51S.LIB (?C?ULDIV)
  C:\KEIL_V5\C51\LIB\C51S.LIB (?C?ULCMP)
  C:\KEIL_V5\C51\LIB\C51S.LIB (?C?ULSHR)
  C:\KEIL_V5\C51\LIB\C51S.LIB (?C?LLDIDATA)
  C:\KEIL_V5\C51\LIB\C51S.LIB (?C?LLDIDATA0)
  C:\KEIL_V5\C51\LIB\C51S.LIB (?C?LSTIDATA)
  C:\KEIL_V5\C51\LIB\C51S.LIB (?C?LSTKIDATA)
  C:\KEIL_V5\C51\LIB\C51S.LIB (?C_IBP)
  C:\KEIL_V5\C51\LIB\C51S.LIB (PRINTF)
  C:\KEIL_V5\C51\LIB\C51S.LIB (?C?CLDPTR)
  C:\KEIL_V5\C51\LIB\C51S.LIB (?C?CLDOPTR)
  C:\KEIL_V5\C51\LIB\C51S.LIB (?C?CSTPTR)
  C:\KEIL_V5\C51\LIB\C51S.LIB (?C?PLDIIDATA)
  C:\KEIL_V5\C51\LIB\C51S.LIB (?C?CCASE)
  C:\KEIL_V5\C51\LIB\C51S.LIB (PUTCHAR)


LINK MAP OF MODULE:  .\Objects\Prj (?C_STARTUP)


            TYPE    BASE      LENGTH    RELOCATION   SEGMENT NAME
            -----------------------------------------------------

            * * * * * * *   D A T A   M E M O R Y   * * * * * * *
            REG     0000H     0008H     ABSOLUTE     "REG BANK 0"
            DATA    0008H     0014H     UNIT         ?DT?PRINTF?PRINTF
            DATA    001CH     0004H     UNIT         ?DT?_INITIALUART0_TIMER3_TYPE5?COMMON
            BIT     0020H.0   0001H.1   UNIT         ?BI?PRINTF?PRINTF
            BIT     0021H.1   0000H.1   UNIT         ?BI?MAIN
                    0021H.2   0000H.6                *** GAP ***
            DATA    0022H     0008H     UNIT         _DATA_GROUP_
            DATA    002AH     0004H     UNIT         ?DT?_INITIALUART0_TIMER3_TYPE6?COMMON
            DATA    002EH     0004H     UNIT         ?DT?_INITIALUART1_TIMER3?COMMON
            DATA    0032H     0004H     UNIT         ?DT?_TIMER2_DELAY1MS?DELAY
            DATA    0036H     0004H     UNIT         ?DT?_TIMER3_DELAY1MS?DELAY
            DATA    003AH     0004H     UNIT         ?DT?_WAKEUP_TIMER_DELAY25MS?DELAY
            DATA    003EH     0001H     UNIT         ?C?LIB_DATA
            IDATA   003FH     0001H     UNIT         ?STACK

            * * * * * * *   C O D E   M E M O R Y   * * * * * * *
            CODE    0000H     0003H     ABSOLUTE     
            CODE    0003H     0003H     ABSOLUTE     
            CODE    0006H     035CH     UNIT         ?PR?PRINTF?PRINTF
            CODE    0362H     01BEH     UNIT         ?C?LIB_CODE
BL51 BANKED LINKER/LOCATER V6.22.2.0                                                  02/25/2021  22:29:57  PAGE 2


            CODE    0520H     01A5H     UNIT         ?PR?_SYSTEM_CLOCK_SELECT?COMMON
            CODE    06C5H     0112H     UNIT         ?CO?VERSION
            CODE    07D7H     0065H     UNIT         ?PR?_INITIALUART0_TIMER3_TYPE5?COMMON
            CODE    083CH     0065H     UNIT         ?PR?_INITIALUART0_TIMER3_TYPE6?COMMON
            CODE    08A1H     0063H     UNIT         ?PR?_?RANDOM_DELAY?DELAY
            CODE    0904H     005FH     UNIT         ?PR?_INITIALUART1_TIMER3?COMMON
            CODE    0963H     0058H     UNIT         ?PR?SHOW_FW_VERSION_NUMBER_TO_PC?VERSION
            CODE    09BBH     0056H     UNIT         ?PR?_WAKEUP_TIMER_DELAY25MS?DELAY
            CODE    0A11H     0050H     UNIT         ?PR?_TIMER3_DELAY1MS?DELAY
            CODE    0A61H     004EH     UNIT         ?PR?_TIMER2_DELAY1MS?DELAY
            CODE    0AAFH     004BH     UNIT         ?PR?_TIMER0_DELAY1MS?DELAY
            CODE    0AFAH     004BH     UNIT         ?PR?_TIMER1_DELAY1MS?DELAY
            CODE    0B45H     0047H     UNIT         ?PR?EXTI_INT0?MAIN
            CODE    0B8CH     002AH     UNIT         ?PR?_INITIALUART0_TIMER1_TYPE2?COMMON
            CODE    0BB6H     002AH     UNIT         ?PR?_INITIALUART0_TIMER1_TYPE3?COMMON
            CODE    0BE0H     002AH     UNIT         ?PR?_INITIALUART0_TIMER1_TYPE4?COMMON
            CODE    0C0AH     0028H     UNIT         ?PR?_INITIALUART0_TIMER1_TYPE1?COMMON
            CODE    0C32H     0027H     UNIT         ?PR?PUTCHAR?PUTCHAR
            CODE    0C59H     0021H     UNIT         ?PR?_DELAY10US?DELAY
            CODE    0C7AH     001AH     UNIT         ?PR?SW_RESET?COMMON
            CODE    0C94H     0016H     UNIT         ?PR?MAIN?MAIN
            CODE    0CAAH     0012H     UNIT         ?PR?SET_ALL_GPIO_QUASI_MODE?COMMON
            CODE    0CBCH     000DH     UNIT         ?PR?GPIO_CONFIG?MAIN
            CODE    0CC9H     000CH     UNIT         ?C_C51STARTUP
            CODE    0CD5H     0008H     UNIT         ?PR?RECEIVE_DATA_FROM_UART0?COMMON
            CODE    0CDDH     0008H     UNIT         ?PR?_SEND_DATA_TO_UART0?COMMON
            CODE    0CE5H     0008H     UNIT         ?PR?RECEIVE_DATA_FROM_UART1?COMMON
            CODE    0CEDH     0008H     UNIT         ?PR?_SEND_DATA_TO_UART1?COMMON
            CODE    0CF5H     0007H     UNIT         ?PR?EXTI_CONFIG?MAIN
            CODE    0CFCH     0004H     UNIT         ?PR?FSYS_CLOCK_OUTPUT_ON_P26?COMMON



OVERLAY MAP OF MODULE:   .\Objects\Prj (?C_STARTUP)


SEGMENT                                            DATA_GROUP 
  +--> CALLED SEGMENT                            START    LENGTH
----------------------------------------------------------------
?C_C51STARTUP                                    -----    -----
  +--> ?PR?MAIN?MAIN

?PR?MAIN?MAIN                                    -----    -----
  +--> ?PR?GPIO_CONFIG?MAIN
  +--> ?PR?EXTI_CONFIG?MAIN
  +--> ?PR?_TIMER0_DELAY1MS?DELAY

?PR?_TIMER0_DELAY1MS?DELAY                       0022H    0004H

*** NEW ROOT ***************************************************

?PR?EXTI_INT0?MAIN                               -----    -----
  +--> ?PR?_TIMER1_DELAY1MS?DELAY

?PR?_TIMER1_DELAY1MS?DELAY                       0026H    0004H


BL51 BANKED LINKER/LOCATER V6.22.2.0                                                  02/25/2021  22:29:57  PAGE 3



SYMBOL TABLE OF MODULE:  .\Objects\Prj (?C_STARTUP)

  VALUE           TYPE          NAME
  ----------------------------------

  -------         MODULE        ?C_STARTUP
  C:0CC9H         SEGMENT       ?C_C51STARTUP
  I:003FH         SEGMENT       ?STACK
  C:0000H         PUBLIC        ?C_STARTUP
  D:00E0H         SYMBOL        ACC
  D:00F0H         SYMBOL        B
  D:0083H         SYMBOL        DPH
  D:0082H         SYMBOL        DPL
  N:0000H         SYMBOL        IBPSTACK
  N:0100H         SYMBOL        IBPSTACKTOP
  N:0080H         SYMBOL        IDATALEN
  C:0CCCH         SYMBOL        IDATALOOP
  N:0000H         SYMBOL        PBPSTACK
  N:0100H         SYMBOL        PBPSTACKTOP
  N:0000H         SYMBOL        PDATALEN
  N:0000H         SYMBOL        PDATASTART
  N:0000H         SYMBOL        PPAGE
  N:0000H         SYMBOL        PPAGEENABLE
  D:00A0H         SYMBOL        PPAGE_SFR
  D:0081H         SYMBOL        SP
  C:0CC9H         SYMBOL        STARTUP1
  N:0000H         SYMBOL        XBPSTACK
  N:0000H         SYMBOL        XBPSTACKTOP
  N:0000H         SYMBOL        XDATALEN
  N:0000H         SYMBOL        XDATASTART
  C:0000H         LINE#         126
  C:0CC9H         LINE#         133
  C:0CCBH         LINE#         134
  C:0CCCH         LINE#         135
  C:0CCDH         LINE#         136
  C:0CCFH         LINE#         185
  C:0CD2H         LINE#         196
  -------         ENDMOD        ?C_STARTUP

  -------         MODULE        COMMON
  C:0000H         SYMBOL        _ICE_DUMMY_
  D:00B1H         PUBLIC        P0M1
  D:00B3H         PUBLIC        P1M1
  D:00B2H         PUBLIC        P0M2
  D:0080H         PUBLIC        P0
  D:00B5H         PUBLIC        P2M1
  D:00B4H         PUBLIC        P1M2
  D:0090H         PUBLIC        P1
  D:00B6H         PUBLIC        P2M2
  D:00ACH         PUBLIC        P3M1
  D:00A0H         PUBLIC        P2
  D:00B0H         PUBLIC        P3
  D:00ADH         PUBLIC        P3M2
  B:00A8H.7       PUBLIC        EA
  D:00D8H         PUBLIC        PWMCON0
  C:0CAAH         PUBLIC        Set_All_GPIO_Quasi_Mode
BL51 BANKED LINKER/LOCATER V6.22.2.0                                                  02/25/2021  22:29:57  PAGE 4


  C:0C0AH         PUBLIC        _InitialUART0_Timer1_Type1
  C:0B8CH         PUBLIC        _InitialUART0_Timer1_Type2
  C:0BB6H         PUBLIC        _InitialUART0_Timer1_Type3
  C:0BE0H         PUBLIC        _InitialUART0_Timer1_Type4
  D:00A8H         PUBLIC        IE
  D:0096H         PUBLIC        CKSWT
  C:07D7H         PUBLIC        _InitialUART0_Timer3_Type5
  C:0C7AH         PUBLIC        SW_Reset
  C:083CH         PUBLIC        _InitialUART0_Timer3_Type6
  D:00C7H         PUBLIC        TA
  D:00B8H         PUBLIC        IP
  B:0098H.0       PUBLIC        RI
  C:0520H         PUBLIC        _System_Clock_Select
  B:0098H.1       PUBLIC        TI
  D:0097H         PUBLIC        CKEN
  C:0CFCH         PUBLIC        Fsys_Clock_Output_On_P26
  B:00F8H.0       PUBLIC        RI_1
  B:00F8H.1       PUBLIC        TI_1
  D:0099H         PUBLIC        SBUF
  D:0087H         PUBLIC        PCON
  D:0098H         PUBLIC        SCON
  D:0089H         PUBLIC        TMOD
  D:0088H         PUBLIC        TCON
  D:009FH         PUBLIC        CHPCON
  D:009AH         PUBLIC        SBUF_1
  D:00F8H         PUBLIC        SCON_1
  D:00C6H         PUBLIC        RH3
  D:008DH         PUBLIC        TH1
  D:00C5H         PUBLIC        RL3
  C:0904H         PUBLIC        _InitialUART1_Timer3
  B:0088H.6       PUBLIC        TR1
  D:00E8H         PUBLIC        ADCCON0
  C:0CDDH         PUBLIC        _Send_Data_To_UART0
  C:0CEDH         PUBLIC        _Send_Data_To_UART1
  D:00C0H         PUBLIC        I2CON
  D:00C8H         PUBLIC        T2CON
  D:00C4H         PUBLIC        T3CON
  C:0CD5H         PUBLIC        Receive_Data_From_UART0
  C:0CE5H         PUBLIC        Receive_Data_From_UART1
  D:008EH         PUBLIC        CKCON
  D:00D0H         PUBLIC        PSW
  -------         PROC          _SYSTEM_CLOCK_SELECT
  D:0007H         SYMBOL        clock
  C:0520H         LINE#         25
  C:0520H         LINE#         26
  C:0520H         LINE#         27
  C:053DH         LINE#         28
  C:053DH         LINE#         29
  C:053DH         LINE#         30
  C:053DH         LINE#         32
  C:0550H         LINE#         33
  C:0563H         LINE#         36
  C:0569H         LINE#         39
  C:057CH         LINE#         40
  C:058FH         LINE#         41
  C:0592H         LINE#         43
  C:0592H         LINE#         44
BL51 BANKED LINKER/LOCATER V6.22.2.0                                                  02/25/2021  22:29:57  PAGE 5


  C:0592H         LINE#         46
  C:05A5H         LINE#         47
  C:05B8H         LINE#         50
  C:05BEH         LINE#         53
  C:05D1H         LINE#         54
  C:05E4H         LINE#         55
  C:05E7H         LINE#         57
  C:05E7H         LINE#         58
  C:05E7H         LINE#         60
  C:05FAH         LINE#         61
  C:060DH         LINE#         64
  C:0613H         LINE#         67
  C:0626H         LINE#         68
  C:0639H         LINE#         69
  C:063CH         LINE#         71
  C:063CH         LINE#         72
  C:063CH         LINE#         74
  C:064FH         LINE#         77
  C:0655H         LINE#         80
  C:0668H         LINE#         81
  C:067BH         LINE#         82
  C:067DH         LINE#         84
  C:067DH         LINE#         85
  C:067DH         LINE#         87
  C:0690H         LINE#         90
  C:0696H         LINE#         93
  C:06A9H         LINE#         94
  C:06BCH         LINE#         95
  C:06BCH         LINE#         96
  C:06BCH         LINE#         98
  C:06C4H         LINE#         99
  -------         ENDPROC       _SYSTEM_CLOCK_SELECT
  -------         PROC          _INITIALUART0_TIMER1_TYPE1
  D:0004H         SYMBOL        u32Baudrate
  C:0C0AH         LINE#         103
  C:0C0AH         LINE#         104
  C:0C0AH         LINE#         105
  C:0C0DH         LINE#         106
  C:0C10H         LINE#         108
  C:0C13H         LINE#         109
  C:0C16H         LINE#         110
  C:0C19H         LINE#         122
  C:0C2FH         LINE#         124
  C:0C31H         LINE#         125
  -------         ENDPROC       _INITIALUART0_TIMER1_TYPE1
  -------         PROC          _INITIALUART0_TIMER1_TYPE2
  D:0004H         SYMBOL        u32Baudrate
  C:0B8CH         LINE#         130
  C:0B8CH         LINE#         131
  C:0B8CH         LINE#         132
  C:0B8FH         LINE#         133
  C:0B92H         LINE#         135
  C:0B95H         LINE#         136
  C:0B98H         LINE#         137
  C:0B9BH         LINE#         149
  C:0BB3H         LINE#         151
  C:0BB5H         LINE#         152
BL51 BANKED LINKER/LOCATER V6.22.2.0                                                  02/25/2021  22:29:57  PAGE 6


  -------         ENDPROC       _INITIALUART0_TIMER1_TYPE2
  -------         PROC          _INITIALUART0_TIMER1_TYPE3
  D:0004H         SYMBOL        u32Baudrate
  C:0BB6H         LINE#         157
  C:0BB6H         LINE#         158
  C:0BB6H         LINE#         159
  C:0BB9H         LINE#         160
  C:0BBCH         LINE#         162
  C:0BBFH         LINE#         163
  C:0BC2H         LINE#         164
  C:0BC5H         LINE#         176
  C:0BDDH         LINE#         178
  C:0BDFH         LINE#         179
  -------         ENDPROC       _INITIALUART0_TIMER1_TYPE3
  -------         PROC          _INITIALUART0_TIMER1_TYPE4
  D:0004H         SYMBOL        u32Baudrate
  C:0BE0H         LINE#         184
  C:0BE0H         LINE#         185
  C:0BE0H         LINE#         186
  C:0BE3H         LINE#         187
  C:0BE6H         LINE#         189
  C:0BE9H         LINE#         190
  C:0BECH         LINE#         191
  C:0BEFH         LINE#         203
  C:0C07H         LINE#         205
  C:0C09H         LINE#         206
  -------         ENDPROC       _INITIALUART0_TIMER1_TYPE4
  -------         PROC          _INITIALUART0_TIMER3_TYPE5
  D:001CH         SYMBOL        u32Baudrate
  C:07D7H         LINE#         208
  C:07DFH         LINE#         209
  C:07DFH         LINE#         210
  C:07E2H         LINE#         211
  C:07E5H         LINE#         212
  C:07E8H         LINE#         213
  C:07EBH         LINE#         228
  C:0813H         LINE#         229
  C:0838H         LINE#         231
  C:083BH         LINE#         232
  -------         ENDPROC       _INITIALUART0_TIMER3_TYPE5
  -------         PROC          _INITIALUART0_TIMER3_TYPE6
  D:002AH         SYMBOL        u32Baudrate
  C:083CH         LINE#         234
  C:0844H         LINE#         235
  C:0844H         LINE#         236
  C:0847H         LINE#         237
  C:084AH         LINE#         238
  C:084DH         LINE#         239
  C:0850H         LINE#         254
  C:0878H         LINE#         255
  C:089DH         LINE#         257
  C:08A0H         LINE#         258
  -------         ENDPROC       _INITIALUART0_TIMER3_TYPE6
  -------         PROC          _INITIALUART1_TIMER3
  D:002EH         SYMBOL        u32Baudrate
  C:0904H         LINE#         260
  C:090CH         LINE#         261
BL51 BANKED LINKER/LOCATER V6.22.2.0                                                  02/25/2021  22:29:57  PAGE 7


  C:090CH         LINE#         262
  C:090FH         LINE#         263
  C:0912H         LINE#         278
  C:093AH         LINE#         279
  C:095FH         LINE#         281
  C:0962H         LINE#         282
  -------         ENDPROC       _INITIALUART1_TIMER3
  -------         PROC          RECEIVE_DATA_FROM_UART0
  -------         DO            
  D:0007H         SYMBOL        c
  -------         ENDDO         
  C:0CD5H         LINE#         294
  C:0CD5H         LINE#         295
  C:0CD5H         LINE#         298
  C:0CD8H         LINE#         299
  C:0CDAH         LINE#         300
  C:0CDCH         LINE#         301
  C:0CDCH         LINE#         302
  -------         ENDPROC       RECEIVE_DATA_FROM_UART0
  -------         PROC          _SEND_DATA_TO_UART0
  D:0007H         SYMBOL        c
  C:0CDDH         LINE#         314
  C:0CDDH         LINE#         315
  C:0CDDH         LINE#         316
  C:0CDFH         LINE#         317
  C:0CE1H         LINE#         318
  C:0CE4H         LINE#         319
  -------         ENDPROC       _SEND_DATA_TO_UART0
  -------         PROC          RECEIVE_DATA_FROM_UART1
  -------         DO            
  D:0007H         SYMBOL        c
  -------         ENDDO         
  C:0CE5H         LINE#         331
  C:0CE5H         LINE#         332
  C:0CE5H         LINE#         335
  C:0CE8H         LINE#         336
  C:0CEAH         LINE#         337
  C:0CECH         LINE#         338
  C:0CECH         LINE#         339
  -------         ENDPROC       RECEIVE_DATA_FROM_UART1
  -------         PROC          _SEND_DATA_TO_UART1
  D:0007H         SYMBOL        c
  C:0CEDH         LINE#         351
  C:0CEDH         LINE#         352
  C:0CEDH         LINE#         353
  C:0CEFH         LINE#         354
  C:0CF1H         LINE#         355
  C:0CF4H         LINE#         356
  -------         ENDPROC       _SEND_DATA_TO_UART1
  -------         PROC          SET_ALL_GPIO_QUASI_MODE
  C:0CAAH         LINE#         358
  C:0CAAH         LINE#         359
  C:0CAAH         LINE#         360
  C:0CADH         LINE#         361
  C:0CAFH         LINE#         362
  C:0CB1H         LINE#         363
  C:0CB3H         LINE#         364
BL51 BANKED LINKER/LOCATER V6.22.2.0                                                  02/25/2021  22:29:57  PAGE 8


  C:0CB5H         LINE#         365
  C:0CB7H         LINE#         366
  C:0CB9H         LINE#         367
  C:0CBBH         LINE#         368
  -------         ENDPROC       SET_ALL_GPIO_QUASI_MODE
  -------         PROC          SW_RESET
  C:0C7AH         LINE#         371
  C:0C7AH         LINE#         372
  C:0C7AH         LINE#         373
  C:0C7DH         LINE#         374
  C:0C80H         LINE#         375
  C:0C93H         LINE#         376
  -------         ENDPROC       SW_RESET
  -------         PROC          FSYS_CLOCK_OUTPUT_ON_P26
  C:0CFCH         LINE#         378
  C:0CFCH         LINE#         379
  C:0CFCH         LINE#         380
  C:0CFFH         LINE#         381
  -------         ENDPROC       FSYS_CLOCK_OUTPUT_ON_P26
  -------         ENDMOD        COMMON

  -------         MODULE        DELAY
  C:0000H         SYMBOL        _ICE_DUMMY_
  D:0080H         PUBLIC        P0
  D:0090H         PUBLIC        P1
  D:00A0H         PUBLIC        P2
  D:00B0H         PUBLIC        P3
  D:008FH         PUBLIC        WKCON
  D:00D8H         PUBLIC        PWMCON0
  D:00A8H         PUBLIC        IE
  D:00B8H         PUBLIC        IP
  C:0AAFH         PUBLIC        _Timer0_Delay1ms
  C:0AFAH         PUBLIC        _Timer1_Delay1ms
  C:0A61H         PUBLIC        _Timer2_Delay1ms
  C:0A11H         PUBLIC        _Timer3_Delay1ms
  D:0098H         PUBLIC        SCON
  D:0089H         PUBLIC        TMOD
  D:0088H         PUBLIC        TCON
  C:08A1H         PUBLIC        _?Random_Delay
  C:0C59H         PUBLIC        _Delay10us
  D:00F8H         PUBLIC        SCON_1
  B:0088H.5       PUBLIC        TF0
  B:0088H.7       PUBLIC        TF1
  B:00C8H.7       PUBLIC        TF2
  D:008CH         PUBLIC        TH0
  D:00C6H         PUBLIC        RH3
  D:008DH         PUBLIC        TH1
  D:00CDH         PUBLIC        TH2
  D:008AH         PUBLIC        TL0
  C:09BBH         PUBLIC        _WakeUp_Timer_Delay25ms
  D:00C5H         PUBLIC        RL3
  D:008BH         PUBLIC        TL1
  D:00CCH         PUBLIC        TL2
  B:0088H.4       PUBLIC        TR0
  B:0088H.6       PUBLIC        TR1
  B:00C8H.2       PUBLIC        TR2
  D:00E8H         PUBLIC        ADCCON0
BL51 BANKED LINKER/LOCATER V6.22.2.0                                                  02/25/2021  22:29:57  PAGE 9


  D:00C0H         PUBLIC        I2CON
  D:00C9H         PUBLIC        T2MOD
  D:00C8H         PUBLIC        T2CON
  D:00C4H         PUBLIC        T3CON
  D:008EH         PUBLIC        CKCON
  D:0086H         PUBLIC        RWK
  D:00D0H         PUBLIC        PSW
  -------         PROC          _?RANDOM_DELAY
  -------         DO            
  i:0000H         SYMBOL        u32CNT
  i:0004H         SYMBOL        u32Tmp
  -------         ENDDO         
  C:08A1H         LINE#         48
  C:08A7H         LINE#         52
  C:08C1H         LINE#         53
  C:08C1H         LINE#         54
  C:08E2H         LINE#         55
  C:08FDH         LINE#         56
  -------         ENDPROC       _?RANDOM_DELAY
  -------         PROC          _DELAY10US
  D:0006H         SYMBOL        u16CNT
  C:0C59H         LINE#         58
  C:0C59H         LINE#         59
  C:0C59H         LINE#         60
  C:0C5CH         LINE#         61
  C:0C5FH         LINE#         62
  C:0C61H         LINE#         63
  C:0C65H         LINE#         64
  C:0C65H         LINE#         65
  C:0C68H         LINE#         66
  C:0C6BH         LINE#         67
  C:0C6EH         LINE#         68
  C:0C70H         LINE#         69
  C:0C75H         LINE#         70
  C:0C77H         LINE#         71
  C:0C79H         LINE#         72
  -------         ENDPROC       _DELAY10US
  -------         PROC          _TIMER0_DELAY1MS
  D:0022H         SYMBOL        u32CNT
  C:0AAFH         LINE#         74
  C:0AB7H         LINE#         75
  C:0AB7H         LINE#         76
  C:0ABAH         LINE#         77
  C:0ABDH         LINE#         78
  C:0ABFH         LINE#         79
  C:0AD2H         LINE#         80
  C:0AD2H         LINE#         81
  C:0AD5H         LINE#         82
  C:0AD8H         LINE#         83
  C:0ADBH         LINE#         84
  C:0ADDH         LINE#         85
  C:0AF5H         LINE#         86
  C:0AF7H         LINE#         87
  C:0AF9H         LINE#         88
  -------         ENDPROC       _TIMER0_DELAY1MS
  -------         PROC          _TIMER1_DELAY1MS
  D:0026H         SYMBOL        u32CNT
BL51 BANKED LINKER/LOCATER V6.22.2.0                                                  02/25/2021  22:29:57  PAGE 10


  C:0AFAH         LINE#         90
  C:0B02H         LINE#         91
  C:0B02H         LINE#         92
  C:0B05H         LINE#         93
  C:0B08H         LINE#         94
  C:0B0AH         LINE#         95
  C:0B1DH         LINE#         96
  C:0B1DH         LINE#         97
  C:0B20H         LINE#         98
  C:0B23H         LINE#         99
  C:0B26H         LINE#         100
  C:0B28H         LINE#         101
  C:0B40H         LINE#         102
  C:0B42H         LINE#         103
  C:0B44H         LINE#         104
  -------         ENDPROC       _TIMER1_DELAY1MS
  -------         PROC          _TIMER2_DELAY1MS
  D:0032H         SYMBOL        u32CNT
  C:0A61H         LINE#         106
  C:0A69H         LINE#         107
  C:0A69H         LINE#         109
  C:0A6CH         LINE#         110
  C:0A6FH         LINE#         111
  C:0A72H         LINE#         112
  C:0A74H         LINE#         113
  C:0A87H         LINE#         114
  C:0A87H         LINE#         115
  C:0A8AH         LINE#         116
  C:0A8DH         LINE#         117
  C:0A90H         LINE#         118
  C:0A92H         LINE#         119
  C:0AAAH         LINE#         120
  C:0AACH         LINE#         121
  C:0AAEH         LINE#         122
  -------         ENDPROC       _TIMER2_DELAY1MS
  -------         PROC          _TIMER3_DELAY1MS
  D:0036H         SYMBOL        u32CNT
  C:0A11H         LINE#         124
  C:0A19H         LINE#         125
  C:0A19H         LINE#         126
  C:0A1CH         LINE#         127
  C:0A1FH         LINE#         128
  C:0A32H         LINE#         129
  C:0A32H         LINE#         130
  C:0A35H         LINE#         131
  C:0A38H         LINE#         132
  C:0A40H         LINE#         133
  C:0A43H         LINE#         134
  C:0A5BH         LINE#         135
  C:0A5DH         LINE#         136
  C:0A60H         LINE#         137
  -------         ENDPROC       _TIMER3_DELAY1MS
  -------         PROC          _WAKEUP_TIMER_DELAY25MS
  D:003AH         SYMBOL        u32CNT
  C:09BBH         LINE#         139
  C:09C3H         LINE#         140
  C:09C3H         LINE#         141
BL51 BANKED LINKER/LOCATER V6.22.2.0                                                  02/25/2021  22:29:57  PAGE 11


  C:09C6H         LINE#         142
  C:09C9H         LINE#         143
  C:09CCH         LINE#         145
  C:09CFH         LINE#         147
  C:09D2H         LINE#         148
  C:09D5H         LINE#         149
  C:09E8H         LINE#         150
  C:09E8H         LINE#         151
  C:09F0H         LINE#         152
  C:09F3H         LINE#         153
  C:0A0BH         LINE#         154
  C:0A0DH         LINE#         155
  C:0A10H         LINE#         156
  -------         ENDPROC       _WAKEUP_TIMER_DELAY25MS
  -------         ENDMOD        DELAY

  -------         MODULE        VERSION
  C:0000H         SYMBOL        _ICE_DUMMY_
  D:0080H         PUBLIC        P0
  D:0090H         PUBLIC        P1
  D:00A0H         PUBLIC        P2
  D:00B0H         PUBLIC        P3
  D:00D8H         PUBLIC        PWMCON0
  D:00A8H         PUBLIC        IE
  D:00B8H         PUBLIC        IP
  D:0098H         PUBLIC        SCON
  D:0088H         PUBLIC        TCON
  D:00F8H         PUBLIC        SCON_1
  C:0963H         PUBLIC        Show_FW_Version_Number_To_PC
  D:00E8H         PUBLIC        ADCCON0
  D:00C0H         PUBLIC        I2CON
  D:00C8H         PUBLIC        T2CON
  D:00D0H         PUBLIC        PSW
  -------         PROC          SHOW_FW_VERSION_NUMBER_TO_PC
  C:0963H         LINE#         31
  C:0963H         LINE#         32
  C:0963H         LINE#         33
  C:096CH         LINE#         34
  C:0975H         LINE#         35
  C:097EH         LINE#         36
  C:0996H         LINE#         37
  C:09B1H         LINE#         38
  C:09BAH         LINE#         39
  -------         ENDPROC       SHOW_FW_VERSION_NUMBER_TO_PC
  -------         ENDMOD        VERSION

  -------         MODULE        MAIN
  C:0000H         SYMBOL        _ICE_DUMMY_
  D:00B1H         PUBLIC        P0M1
  D:00B2H         PUBLIC        P0M2
  D:0080H         PUBLIC        P0
  D:0090H         PUBLIC        P1
  D:00A0H         PUBLIC        P2
  D:00B0H         PUBLIC        P3
  B:00A8H.7       PUBLIC        EA
  D:00D8H         PUBLIC        PWMCON0
  D:00A8H         PUBLIC        IE
BL51 BANKED LINKER/LOCATER V6.22.2.0                                                  02/25/2021  22:29:57  PAGE 12


  D:00B8H         PUBLIC        IP
  C:0C94H         PUBLIC        main
  B:0021H.1       PUBLIC        BIT_TMP
  B:0080H.3       PUBLIC        P03
  D:0098H         PUBLIC        SCON
  D:0088H         PUBLIC        TCON
  C:0B45H         PUBLIC        EXTI_INT0
  B:0088H.1       PUBLIC        IE0
  D:00F8H         PUBLIC        SCON_1
  B:0088H.0       PUBLIC        IT0
  B:00A8H.0       PUBLIC        EX0
  D:00E8H         PUBLIC        ADCCON0
  D:00C0H         PUBLIC        I2CON
  D:00C8H         PUBLIC        T2CON
  C:0CBCH         PUBLIC        GPIO_Config
  C:0CF5H         PUBLIC        EXTI_Config
  D:00D0H         PUBLIC        PSW
  -------         PROC          EXTI_INT0
  C:0B45H         LINE#         14
  C:0B62H         LINE#         16
  C:0B64H         LINE#         17
  C:0B6FH         LINE#         18
  C:0B71H         LINE#         19
  -------         ENDPROC       EXTI_INT0
  -------         PROC          MAIN
  C:0C94H         LINE#         21
  C:0C94H         LINE#         22
  C:0C94H         LINE#         23
  C:0C97H         LINE#         24
  C:0C9AH         LINE#         25
  C:0C9AH         LINE#         26
  C:0C9AH         LINE#         27
  C:0CA5H         LINE#         28
  C:0CA7H         LINE#         29
  -------         ENDPROC       MAIN
  -------         PROC          GPIO_CONFIG
  C:0CBCH         LINE#         32
  C:0CBCH         LINE#         33
  C:0CBCH         LINE#         34
  C:0CC2H         LINE#         35
  C:0CC8H         LINE#         36
  -------         ENDPROC       GPIO_CONFIG
  -------         PROC          EXTI_CONFIG
  C:0CF5H         LINE#         37
  C:0CF5H         LINE#         38
  C:0CF5H         LINE#         39
  C:0CF7H         LINE#         40
  C:0CF9H         LINE#         41
  C:0CFBH         LINE#         45
  -------         ENDPROC       EXTI_CONFIG
  -------         ENDMOD        MAIN

  -------         MODULE        ?C?ULDIV
  C:039EH         PUBLIC        ?C?ULDIV
  -------         ENDMOD        ?C?ULDIV

  -------         MODULE        ?C?ULCMP
BL51 BANKED LINKER/LOCATER V6.22.2.0                                                  02/25/2021  22:29:57  PAGE 13


  C:0430H         PUBLIC        ?C?ULCMP
  -------         ENDMOD        ?C?ULCMP

  -------         MODULE        ?C?ULSHR
  C:0441H         PUBLIC        ?C?ULSHR
  -------         ENDMOD        ?C?ULSHR

  -------         MODULE        ?C?LLDIDATA
  C:0454H         PUBLIC        ?C?LLDIDATA
  -------         ENDMOD        ?C?LLDIDATA

  -------         MODULE        ?C?LLDIDATA0
  C:0460H         PUBLIC        ?C?LLDIDATA0
  -------         ENDMOD        ?C?LLDIDATA0

  -------         MODULE        ?C?LSTIDATA
  C:046DH         PUBLIC        ?C?LSTIDATA
  -------         ENDMOD        ?C?LSTIDATA

  -------         MODULE        ?C?LSTKIDATA
  C:0479H         PUBLIC        ?C?LSTKIDATA
  -------         ENDMOD        ?C?LSTKIDATA

  -------         MODULE        ?C_IBP
  D:003EH         PUBLIC        ?C_IBP
  -------         ENDMOD        ?C_IBP

  -------         MODULE        PRINTF
  D:0008H         PUBLIC        ?_PRINTF517?BYTE
  D:0008H         PUBLIC        ?_PRINTF?BYTE
  D:0008H         PUBLIC        ?_SPRINTF517?BYTE
  D:0008H         PUBLIC        ?_SPRINTF?BYTE
  C:0068H         PUBLIC        _PRINTF
  C:0068H         PUBLIC        _PRINTF517
  C:0062H         PUBLIC        _SPRINTF
  C:0062H         PUBLIC        _SPRINTF517
  -------         ENDMOD        PRINTF

  -------         MODULE        ?C?CLDPTR
  C:0492H         PUBLIC        ?C?CLDPTR
  -------         ENDMOD        ?C?CLDPTR

  -------         MODULE        ?C?CLDOPTR
  C:04ABH         PUBLIC        ?C?CLDOPTR
  -------         ENDMOD        ?C?CLDOPTR

  -------         MODULE        ?C?CSTPTR
  C:04D8H         PUBLIC        ?C?CSTPTR
  -------         ENDMOD        ?C?CSTPTR

  -------         MODULE        ?C?PLDIIDATA
  C:04EAH         PUBLIC        ?C?PLDIIDATA
  -------         ENDMOD        ?C?PLDIIDATA

  -------         MODULE        ?C?CCASE
  C:04FAH         PUBLIC        ?C?CCASE
  -------         ENDMOD        ?C?CCASE
BL51 BANKED LINKER/LOCATER V6.22.2.0                                                  02/25/2021  22:29:57  PAGE 14



  -------         MODULE        PUTCHAR
  C:0C32H         PUBLIC        _PUTCHAR
  -------         ENDMOD        PUTCHAR

Program Size: data=63.2 xdata=0 code=3328
LINK/LOCATE RUN COMPLETE.  0 WARNING(S),  0 ERROR(S)
